[    0.000000] Linux version 4.8.11-1-ARCH (builduser@tobias) (gcc version 6.2.1 20160830 (GCC) ) #1 SMP PREEMPT Sun Nov 27 09:26:14 CET 2016
[    0.000000] Command line: initrd=\intel-ucode.img initrd=\initramfs-linux.img cryptdevice=UUID=2c3a8aa5-12e3-462f-9093-018add5a417e:vg0 root=/dev/mapper/vg0-root resume=/dev/mapper/vg0-swap rw
[    0.000000] x86/fpu: Supporting XSAVE feature 0x001: 'x87 floating point registers'
[    0.000000] x86/fpu: Supporting XSAVE feature 0x002: 'SSE registers'
[    0.000000] x86/fpu: Supporting XSAVE feature 0x004: 'AVX registers'
[    0.000000] x86/fpu: Supporting XSAVE feature 0x008: 'MPX bounds registers'
[    0.000000] x86/fpu: Supporting XSAVE feature 0x010: 'MPX CSR'
[    0.000000] x86/fpu: xstate_offset[2]:  576, xstate_sizes[2]:  256
[    0.000000] x86/fpu: xstate_offset[3]:  832, xstate_sizes[3]:   64
[    0.000000] x86/fpu: xstate_offset[4]:  896, xstate_sizes[4]:   64
[    0.000000] x86/fpu: Enabled xstate features 0x1f, context size is 960 bytes, using 'compacted' format.
[    0.000000] x86/fpu: Using 'eager' FPU context switches.
[    0.000000] e820: BIOS-provided physical RAM map:
[    0.000000] BIOS-e820: [mem 0x0000000000000000-0x0000000000057fff] usable
[    0.000000] BIOS-e820: [mem 0x0000000000058000-0x0000000000058fff] reserved
[    0.000000] BIOS-e820: [mem 0x0000000000059000-0x000000000005efff] usable
[    0.000000] BIOS-e820: [mem 0x000000000005f000-0x000000000005ffff] reserved
[    0.000000] BIOS-e820: [mem 0x0000000000060000-0x000000000009efff] usable
[    0.000000] BIOS-e820: [mem 0x000000000009f000-0x000000000009ffff] reserved
[    0.000000] BIOS-e820: [mem 0x0000000000100000-0x00000000256b2fff] usable
[    0.000000] BIOS-e820: [mem 0x00000000256b3000-0x00000000256e4fff] ACPI data
[    0.000000] BIOS-e820: [mem 0x00000000256e5000-0x000000002712cfff] usable
[    0.000000] BIOS-e820: [mem 0x000000002712d000-0x000000002712dfff] ACPI NVS
[    0.000000] BIOS-e820: [mem 0x000000002712e000-0x0000000027177fff] reserved
[    0.000000] BIOS-e820: [mem 0x0000000027178000-0x00000000271cefff] usable
[    0.000000] BIOS-e820: [mem 0x00000000271cf000-0x00000000279bffff] reserved
[    0.000000] BIOS-e820: [mem 0x00000000279c0000-0x0000000038a6cfff] usable
[    0.000000] BIOS-e820: [mem 0x0000000038a6d000-0x0000000038e19fff] reserved
[    0.000000] BIOS-e820: [mem 0x0000000038e1a000-0x0000000038e3bfff] ACPI data
[    0.000000] BIOS-e820: [mem 0x0000000038e3c000-0x0000000039190fff] usable
[    0.000000] BIOS-e820: [mem 0x0000000039191000-0x00000000397e2fff] ACPI NVS
[    0.000000] BIOS-e820: [mem 0x00000000397e3000-0x000000003a4fefff] reserved
[    0.000000] BIOS-e820: [mem 0x000000003a4ff000-0x000000003a4fffff] usable
[    0.000000] BIOS-e820: [mem 0x000000003a500000-0x000000003a5fffff] reserved
[    0.000000] BIOS-e820: [mem 0x00000000e0000000-0x00000000efffffff] reserved
[    0.000000] BIOS-e820: [mem 0x00000000fe000000-0x00000000fe010fff] reserved
[    0.000000] BIOS-e820: [mem 0x00000000fec00000-0x00000000fec00fff] reserved
[    0.000000] BIOS-e820: [mem 0x00000000fee00000-0x00000000fee00fff] reserved
[    0.000000] BIOS-e820: [mem 0x00000000ff000000-0x00000000ffffffff] reserved
[    0.000000] BIOS-e820: [mem 0x0000000100000000-0x00000002bdffffff] usable
[    0.000000] NX (Execute Disable) protection: active
[    0.000000] e820: update [mem 0x238d7018-0x238f0657] usable ==> usable
[    0.000000] e820: update [mem 0x238c6018-0x238d6057] usable ==> usable
[    0.000000] extended physical RAM map:
[    0.000000] reserve setup_data: [mem 0x0000000000000000-0x0000000000057fff] usable
[    0.000000] reserve setup_data: [mem 0x0000000000058000-0x0000000000058fff] reserved
[    0.000000] reserve setup_data: [mem 0x0000000000059000-0x000000000005efff] usable
[    0.000000] reserve setup_data: [mem 0x000000000005f000-0x000000000005ffff] reserved
[    0.000000] reserve setup_data: [mem 0x0000000000060000-0x000000000009efff] usable
[    0.000000] reserve setup_data: [mem 0x000000000009f000-0x000000000009ffff] reserved
[    0.000000] reserve setup_data: [mem 0x0000000000100000-0x00000000238c6017] usable
[    0.000000] reserve setup_data: [mem 0x00000000238c6018-0x00000000238d6057] usable
[    0.000000] reserve setup_data: [mem 0x00000000238d6058-0x00000000238d7017] usable
[    0.000000] reserve setup_data: [mem 0x00000000238d7018-0x00000000238f0657] usable
[    0.000000] reserve setup_data: [mem 0x00000000238f0658-0x00000000256b2fff] usable
[    0.000000] reserve setup_data: [mem 0x00000000256b3000-0x00000000256e4fff] ACPI data
[    0.000000] reserve setup_data: [mem 0x00000000256e5000-0x000000002712cfff] usable
[    0.000000] reserve setup_data: [mem 0x000000002712d000-0x000000002712dfff] ACPI NVS
[    0.000000] reserve setup_data: [mem 0x000000002712e000-0x0000000027177fff] reserved
[    0.000000] reserve setup_data: [mem 0x0000000027178000-0x00000000271cefff] usable
[    0.000000] reserve setup_data: [mem 0x00000000271cf000-0x00000000279bffff] reserved
[    0.000000] reserve setup_data: [mem 0x00000000279c0000-0x0000000038a6cfff] usable
[    0.000000] reserve setup_data: [mem 0x0000000038a6d000-0x0000000038e19fff] reserved
[    0.000000] reserve setup_data: [mem 0x0000000038e1a000-0x0000000038e3bfff] ACPI data
[    0.000000] reserve setup_data: [mem 0x0000000038e3c000-0x0000000039190fff] usable
[    0.000000] reserve setup_data: [mem 0x0000000039191000-0x00000000397e2fff] ACPI NVS
[    0.000000] reserve setup_data: [mem 0x00000000397e3000-0x000000003a4fefff] reserved
[    0.000000] reserve setup_data: [mem 0x000000003a4ff000-0x000000003a4fffff] usable
[    0.000000] reserve setup_data: [mem 0x000000003a500000-0x000000003a5fffff] reserved
[    0.000000] reserve setup_data: [mem 0x00000000e0000000-0x00000000efffffff] reserved
[    0.000000] reserve setup_data: [mem 0x00000000fe000000-0x00000000fe010fff] reserved
[    0.000000] reserve setup_data: [mem 0x00000000fec00000-0x00000000fec00fff] reserved
[    0.000000] reserve setup_data: [mem 0x00000000fee00000-0x00000000fee00fff] reserved
[    0.000000] reserve setup_data: [mem 0x00000000ff000000-0x00000000ffffffff] reserved
[    0.000000] reserve setup_data: [mem 0x0000000100000000-0x00000002bdffffff] usable
[    0.000000] efi: EFI v2.40 by American Megatrends
[    0.000000] efi:  ACPI=0x256b3000  ACPI 2.0=0x256b3000  SMBIOS=0xf05e0  MPS=0xfccd0 
[    0.000000] SMBIOS 2.8 present.
[    0.000000] DMI: Dell Inc. Precision 5510/0WWKNF, BIOS 1.2.13 08/08/2016
[    0.000000] e820: update [mem 0x00000000-0x00000fff] usable ==> reserved
[    0.000000] e820: remove [mem 0x000a0000-0x000fffff] usable
[    0.000000] e820: last_pfn = 0x2be000 max_arch_pfn = 0x400000000
[    0.000000] MTRR default type: write-back
[    0.000000] MTRR fixed ranges enabled:
[    0.000000]   00000-9FFFF write-back
[    0.000000]   A0000-BFFFF uncachable
[    0.000000]   C0000-FFFFF write-protect
[    0.000000] MTRR variable ranges enabled:
[    0.000000]   0 base 0080000000 mask 7F80000000 uncachable
[    0.000000]   1 base 0040000000 mask 7FC0000000 uncachable
[    0.000000]   2 base 003C000000 mask 7FFC000000 uncachable
[    0.000000]   3 base 003B800000 mask 7FFF800000 uncachable
[    0.000000]   4 disabled
[    0.000000]   5 disabled
[    0.000000]   6 disabled
[    0.000000]   7 disabled
[    0.000000]   8 disabled
[    0.000000]   9 disabled
[    0.000000] x86/PAT: Configuration [0-7]: WB  WC  UC- UC  WB  WC  UC- WT  
[    0.000000] e820: last_pfn = 0x3a500 max_arch_pfn = 0x400000000
[    0.000000] found SMP MP-table at [mem 0x000fcfc0-0x000fcfcf] mapped at [ffff8800000fcfc0]
[    0.000000] Scanning 1 areas for low memory corruption
[    0.000000] Base memory trampoline at [ffff880000097000] 97000 size 24576
[    0.000000] Using GB pages for direct mapping
[    0.000000] BRK [0x01d4d000, 0x01d4dfff] PGTABLE
[    0.000000] BRK [0x01d4e000, 0x01d4efff] PGTABLE
[    0.000000] BRK [0x01d4f000, 0x01d4ffff] PGTABLE
[    0.000000] BRK [0x01d50000, 0x01d50fff] PGTABLE
[    0.000000] BRK [0x01d51000, 0x01d51fff] PGTABLE
[    0.000000] BRK [0x01d52000, 0x01d52fff] PGTABLE
[    0.000000] RAMDISK: [mem 0x238f1000-0x2461bfff]
[    0.000000] ACPI: Early table checksum verification disabled
[    0.000000] ACPI: RSDP 0x00000000256B3000 000024 (v02 DELL  )
[    0.000000] ACPI: XSDT 0x00000000256B30C0 000104 (v01 DELL   CBX3     01072009 AMI  00010013)
[    0.000000] ACPI: FACP 0x00000000256D3FE8 00010C (v05 DELL   CBX3     01072009 AMI  00010013)
[    0.000000] ACPI: DSDT 0x00000000256B3258 020D8C (v02 DELL   CBX3     01072009 INTL 20120913)
[    0.000000] ACPI: FACS 0x00000000397E2F80 000040
[    0.000000] ACPI: APIC 0x00000000256D40F8 0000BC (v03 DELL   CBX3     01072009 AMI  00010013)
[    0.000000] ACPI: FPDT 0x00000000256D41B8 000044 (v01 DELL   CBX3     01072009 AMI  00010013)
[    0.000000] ACPI: FIDT 0x00000000256D4200 00009C (v01 DELL   CBX3     01072009 AMI  00010013)
[    0.000000] ACPI: MCFG 0x00000000256D42A0 00003C (v01 DELL   CBX3     01072009 MSFT 00000097)
[    0.000000] ACPI: HPET 0x00000000256D42E0 000038 (v01 DELL   CBX3     01072009 AMI. 0005000B)
[    0.000000] ACPI: SSDT 0x00000000256D4318 00046D (v01 SataRe SataTabl 00001000 INTL 20120913)
[    0.000000] ACPI: LPIT 0x00000000256D4788 000094 (v01 INTEL  SKL      00000000 MSFT 0000005F)
[    0.000000] ACPI: SSDT 0x00000000256D4820 000248 (v02 INTEL  sensrhub 00000000 INTL 20120913)
[    0.000000] ACPI: SSDT 0x00000000256D4A68 002BAE (v02 INTEL  PtidDevc 00001000 INTL 20120913)
[    0.000000] ACPI: SSDT 0x00000000256D7618 000024 (v02 INTEL  OEM_RTD3 00001000 INTL 20120913)
[    0.000000] ACPI: SSDT 0x00000000256D7640 000BE3 (v02 INTEL  Ther_Rvp 00001000 INTL 20120913)
[    0.000000] ACPI: SSDT 0x00000000256D8228 0004DC (v02 INTEL  zpodd    00001000 INTL 20120913)
[    0.000000] ACPI: DBGP 0x00000000256D8708 000034 (v01 INTEL           00000000 MSFT 0000005F)
[    0.000000] ACPI: DBG2 0x00000000256D8740 000054 (v00 INTEL           00000000 MSFT 0000005F)
[    0.000000] ACPI: SSDT 0x00000000256D8798 000775 (v02 INTEL  xh_rvp10 00000000 INTL 20120913)
[    0.000000] ACPI: BOOT 0x00000000256D8F10 000028 (v01 DELL   CBX3     01072009 AMI  00010013)
[    0.000000] ACPI: SSDT 0x00000000256D8F38 0037D6 (v02 SaSsdt SaSsdt   00003000 INTL 20120913)
[    0.000000] ACPI: UEFI 0x00000000256DC710 000042 (v01                 00000000      00000000)
[    0.000000] ACPI: SSDT 0x00000000256DC758 000E73 (v02 CpuRef CpuSsdt  00003000 INTL 20120913)
[    0.000000] ACPI: SSDT 0x00000000256DD5D0 0044FA (v02 DptfTa DptfTabl 00001000 INTL 20120913)
[    0.000000] ACPI: SLIC 0x00000000256E1AD0 000176 (v03 DELL   CBX3     01072009 MSFT 00010013)
[    0.000000] ACPI: TCPA 0x00000000256E1C48 000032 (v02 ALASKA NAPAASF  00000001 MSFT 01000013)
[    0.000000] ACPI: SSDT 0x00000000256E1C80 0000C3 (v02 SgRef  SgPeg    00001000 INTL 20120913)
[    0.000000] ACPI: DMAR 0x00000000256E1D48 0000F0 (v01 INTEL  SKL      00000001 INTL 00000001)
[    0.000000] ACPI: SSDT 0x00000000256E1E38 001868 (v01 OptRef OptTabl  00001000 INTL 20120913)
[    0.000000] ACPI: ASF! 0x00000000256E36A0 0000A5 (v32 INTEL   HCG     00000001 TFSM 000F4240)
[    0.000000] ACPI: BGRT 0x00000000256E3748 000038 (v00 \xfffffff3\xffffffee              01072009 AMI  00010013)
[    0.000000] ACPI: Local APIC address 0xfee00000
[    0.000000] No NUMA configuration found
[    0.000000] Faking a node at [mem 0x0000000000000000-0x00000002bdffffff]
[    0.000000] NODE_DATA(0) allocated [mem 0x2bdff6000-0x2bdffafff]
[    0.000000] Zone ranges:
[    0.000000]   DMA      [mem 0x0000000000001000-0x0000000000ffffff]
[    0.000000]   DMA32    [mem 0x0000000001000000-0x00000000ffffffff]
[    0.000000]   Normal   [mem 0x0000000100000000-0x00000002bdffffff]
[    0.000000]   Device   empty
[    0.000000] Movable zone start for each node
[    0.000000] Early memory node ranges
[    0.000000]   node   0: [mem 0x0000000000001000-0x0000000000057fff]
[    0.000000]   node   0: [mem 0x0000000000059000-0x000000000005efff]
[    0.000000]   node   0: [mem 0x0000000000060000-0x000000000009efff]
[    0.000000]   node   0: [mem 0x0000000000100000-0x00000000256b2fff]
[    0.000000]   node   0: [mem 0x00000000256e5000-0x000000002712cfff]
[    0.000000]   node   0: [mem 0x0000000027178000-0x00000000271cefff]
[    0.000000]   node   0: [mem 0x00000000279c0000-0x0000000038a6cfff]
[    0.000000]   node   0: [mem 0x0000000038e3c000-0x0000000039190fff]
[    0.000000]   node   0: [mem 0x000000003a4ff000-0x000000003a4fffff]
[    0.000000]   node   0: [mem 0x0000000100000000-0x00000002bdffffff]
[    0.000000] Initmem setup node 0 [mem 0x0000000000001000-0x00000002bdffffff]
[    0.000000] On node 0 totalpages: 2057457
[    0.000000]   DMA zone: 64 pages used for memmap
[    0.000000]   DMA zone: 23 pages reserved
[    0.000000]   DMA zone: 3996 pages, LIFO batch:0
[    0.000000]   DMA32 zone: 3542 pages used for memmap
[    0.000000]   DMA32 zone: 226645 pages, LIFO batch:31
[    0.000000]   Normal zone: 28544 pages used for memmap
[    0.000000]   Normal zone: 1826816 pages, LIFO batch:31
[    0.000000] Reserving Intel graphics memory at 0x000000003c000000-0x000000003fffffff
[    0.000000] ACPI: PM-Timer IO Port: 0x1808
[    0.000000] ACPI: Local APIC address 0xfee00000
[    0.000000] ACPI: LAPIC_NMI (acpi_id[0x01] high edge lint[0x1])
[    0.000000] ACPI: LAPIC_NMI (acpi_id[0x02] high edge lint[0x1])
[    0.000000] ACPI: LAPIC_NMI (acpi_id[0x03] high edge lint[0x1])
[    0.000000] ACPI: LAPIC_NMI (acpi_id[0x04] high edge lint[0x1])
[    0.000000] ACPI: LAPIC_NMI (acpi_id[0x05] high edge lint[0x1])
[    0.000000] ACPI: LAPIC_NMI (acpi_id[0x06] high edge lint[0x1])
[    0.000000] ACPI: LAPIC_NMI (acpi_id[0x07] high edge lint[0x1])
[    0.000000] ACPI: LAPIC_NMI (acpi_id[0x08] high edge lint[0x1])
[    0.000000] IOAPIC[0]: apic_id 2, version 32, address 0xfec00000, GSI 0-119
[    0.000000] ACPI: INT_SRC_OVR (bus 0 bus_irq 0 global_irq 2 dfl dfl)
[    0.000000] ACPI: INT_SRC_OVR (bus 0 bus_irq 9 global_irq 9 high level)
[    0.000000] ACPI: IRQ0 used by override.
[    0.000000] ACPI: IRQ9 used by override.
[    0.000000] Using ACPI (MADT) for SMP configuration information
[    0.000000] ACPI: HPET id: 0x8086a701 base: 0xfed00000
[    0.000000] smpboot: Allowing 8 CPUs, 0 hotplug CPUs
[    0.000000] PM: Registered nosave memory: [mem 0x00000000-0x00000fff]
[    0.000000] PM: Registered nosave memory: [mem 0x00058000-0x00058fff]
[    0.000000] PM: Registered nosave memory: [mem 0x0005f000-0x0005ffff]
[    0.000000] PM: Registered nosave memory: [mem 0x0009f000-0x0009ffff]
[    0.000000] PM: Registered nosave memory: [mem 0x000a0000-0x000fffff]
[    0.000000] PM: Registered nosave memory: [mem 0x238c6000-0x238c6fff]
[    0.000000] PM: Registered nosave memory: [mem 0x238d6000-0x238d6fff]
[    0.000000] PM: Registered nosave memory: [mem 0x238d7000-0x238d7fff]
[    0.000000] PM: Registered nosave memory: [mem 0x238f0000-0x238f0fff]
[    0.000000] PM: Registered nosave memory: [mem 0x256b3000-0x256e4fff]
[    0.000000] PM: Registered nosave memory: [mem 0x2712d000-0x2712dfff]
[    0.000000] PM: Registered nosave memory: [mem 0x2712e000-0x27177fff]
[    0.000000] PM: Registered nosave memory: [mem 0x271cf000-0x279bffff]
[    0.000000] PM: Registered nosave memory: [mem 0x38a6d000-0x38e19fff]
[    0.000000] PM: Registered nosave memory: [mem 0x38e1a000-0x38e3bfff]
[    0.000000] PM: Registered nosave memory: [mem 0x39191000-0x397e2fff]
[    0.000000] PM: Registered nosave memory: [mem 0x397e3000-0x3a4fefff]
[    0.000000] PM: Registered nosave memory: [mem 0x3a500000-0x3a5fffff]
[    0.000000] PM: Registered nosave memory: [mem 0x3a600000-0x3bffffff]
[    0.000000] PM: Registered nosave memory: [mem 0x3c000000-0x3fffffff]
[    0.000000] PM: Registered nosave memory: [mem 0x40000000-0xdfffffff]
[    0.000000] PM: Registered nosave memory: [mem 0xe0000000-0xefffffff]
[    0.000000] PM: Registered nosave memory: [mem 0xf0000000-0xfdffffff]
[    0.000000] PM: Registered nosave memory: [mem 0xfe000000-0xfe010fff]
[    0.000000] PM: Registered nosave memory: [mem 0xfe011000-0xfebfffff]
[    0.000000] PM: Registered nosave memory: [mem 0xfec00000-0xfec00fff]
[    0.000000] PM: Registered nosave memory: [mem 0xfec01000-0xfedfffff]
[    0.000000] PM: Registered nosave memory: [mem 0xfee00000-0xfee00fff]
[    0.000000] PM: Registered nosave memory: [mem 0xfee01000-0xfeffffff]
[    0.000000] PM: Registered nosave memory: [mem 0xff000000-0xffffffff]
[    0.000000] e820: [mem 0x40000000-0xdfffffff] available for PCI devices
[    0.000000] Booting paravirtualized kernel on bare hardware
[    0.000000] clocksource: refined-jiffies: mask: 0xffffffff max_cycles: 0xffffffff, max_idle_ns: 6370452778343963 ns
[    0.000000] setup_percpu: NR_CPUS:128 nr_cpumask_bits:128 nr_cpu_ids:8 nr_node_ids:1
[    0.000000] percpu: Embedded 35 pages/cpu @ffff8802bdc00000 s103128 r8192 d32040 u262144
[    0.000000] pcpu-alloc: s103128 r8192 d32040 u262144 alloc=1*2097152
[    0.000000] pcpu-alloc: [0] 0 1 2 3 4 5 6 7 
[    0.000000] Built 1 zonelists in Node order, mobility grouping on.  Total pages: 2025284
[    0.000000] Policy zone: Normal
[    0.000000] Kernel command line: initrd=\intel-ucode.img initrd=\initramfs-linux.img cryptdevice=UUID=2c3a8aa5-12e3-462f-9093-018add5a417e:vg0 root=/dev/mapper/vg0-root resume=/dev/mapper/vg0-swap rw
[    0.000000] PID hash table entries: 4096 (order: 3, 32768 bytes)
[    0.000000] Calgary: detecting Calgary via BIOS EBDA area
[    0.000000] Calgary: Unable to locate Rio Grande table in EBDA - bailing!
[    0.000000] Memory: 7699000K/8229828K available (6131K kernel code, 1051K rwdata, 1912K rodata, 1256K init, 1036K bss, 530828K reserved, 0K cma-reserved)
[    0.000000] SLUB: HWalign=64, Order=0-3, MinObjects=0, CPUs=8, Nodes=1
[    0.000000] Preemptible hierarchical RCU implementation.
[    0.000000] 	Build-time adjustment of leaf fanout to 64.
[    0.000000] 	RCU restricting CPUs from NR_CPUS=128 to nr_cpu_ids=8.
[    0.000000] RCU: Adjusting geometry for rcu_fanout_leaf=64, nr_cpu_ids=8
[    0.000000] NR_IRQS:8448 nr_irqs:2048 16
[    0.000000] spurious 8259A interrupt: IRQ7.
[    0.000000] Console: colour dummy device 80x25
[    0.000000] console [tty0] enabled
[    0.000000] clocksource: hpet: mask: 0xffffffff max_cycles: 0xffffffff, max_idle_ns: 79635855245 ns
[    0.000000] hpet clockevent registered
[    0.000000] tsc: Detected 2800.000 MHz processor
[    0.000019] Calibrating delay loop (skipped), value calculated using timer frequency.. 5618.00 BogoMIPS (lpj=9360000)
[    0.000021] pid_max: default: 32768 minimum: 301
[    0.000028] ACPI: Core revision 20160422
[    0.029014] ACPI Error: [\_SB_.PCI0.XHC_.RHUB.HS11] Namespace lookup failure, AE_NOT_FOUND (20160422/dswload-210)
[    0.029018] ACPI Exception: AE_NOT_FOUND, During name lookup/catalog (20160422/psobject-227)
[    0.029051] ACPI Exception: AE_NOT_FOUND, (SSDT:xh_rvp10) while loading table (20160422/tbxfload-227)
[    0.040384] ACPI Error: 1 table load failures, 12 successful (20160422/tbxfload-247)
[    0.041057] Security Framework initialized
[    0.041057] Yama: becoming mindful.
[    0.041367] Dentry cache hash table entries: 1048576 (order: 11, 8388608 bytes)
[    0.042569] Inode-cache hash table entries: 524288 (order: 10, 4194304 bytes)
[    0.043068] Mount-cache hash table entries: 16384 (order: 5, 131072 bytes)
[    0.043074] Mountpoint-cache hash table entries: 16384 (order: 5, 131072 bytes)
[    0.043253] CPU: Physical Processor ID: 0
[    0.043253] CPU: Processor Core ID: 0
[    0.043256] ENERGY_PERF_BIAS: Set to 'normal', was 'performance'
[    0.043257] ENERGY_PERF_BIAS: View and update with x86_energy_perf_policy(8)
[    0.043260] mce: CPU supports 10 MCE banks
[    0.043267] CPU0: Thermal monitoring enabled (TM1)
[    0.043343] process: using mwait in idle threads
[    0.043345] Last level iTLB entries: 4KB 64, 2MB 8, 4MB 8
[    0.043346] Last level dTLB entries: 4KB 64, 2MB 0, 4MB 0, 1GB 4
[    0.043634] Freeing SMP alternatives memory: 24K (ffffffff81c42000 - ffffffff81c48000)
[    0.051382] ftrace: allocating 24335 entries in 96 pages
[    0.060277] smpboot: APIC(0) Converting physical 0 to logical package 0
[    0.060278] smpboot: Max logical packages: 2
[    0.060280] DMAR: Host address width 39
[    0.060281] DMAR: DRHD base: 0x000000fed90000 flags: 0x0
[    0.060287] DMAR: dmar0: reg_base_addr fed90000 ver 1:0 cap 1c0000c40660462 ecap 7e3ff0505e
[    0.060288] DMAR: DRHD base: 0x000000fed91000 flags: 0x1
[    0.060292] DMAR: dmar1: reg_base_addr fed91000 ver 1:0 cap d2008c40660462 ecap f050da
[    0.060292] DMAR: RMRR base: 0x00000038b84000 end: 0x00000038ba3fff
[    0.060293] DMAR: RMRR base: 0x0000003b800000 end: 0x0000003fffffff
[    0.060294] DMAR: ANDD device: 1 name: \_SB.PCI0.I2C0
[    0.060294] DMAR: ANDD device: 2 name: \_SB.PCI0.I2C1
[    0.060295] DMAR-IR: IOAPIC id 2 under DRHD base  0xfed91000 IOMMU 1
[    0.060296] DMAR-IR: HPET id 0 under DRHD base 0xfed91000
[    0.060297] DMAR-IR: x2apic is disabled because BIOS sets x2apic opt out bit.
[    0.060297] DMAR-IR: Use 'intremap=no_x2apic_optout' to override the BIOS setting.
[    0.061666] DMAR-IR: Enabled IRQ remapping in xapic mode
[    0.061666] x2apic: IRQ remapping doesn't support X2APIC mode
[    0.065627] ..TIMER: vector=0x30 apic1=0 pin1=2 apic2=-1 pin2=-1
[    0.098636] TSC deadline timer enabled
[    0.098641] smpboot: CPU0: Intel(R) Xeon(R) CPU E3-1505M v5 @ 2.80GHz (family: 0x6, model: 0x5e, stepping: 0x3)
[    0.098643] Performance Events: PEBS fmt3+, Skylake events, 32-deep LBR, full-width counters, Intel PMU driver.
[    0.098667] ... version:                4
[    0.098667] ... bit width:              48
[    0.098668] ... generic registers:      4
[    0.098668] ... value mask:             0000ffffffffffff
[    0.098669] ... max period:             0000ffffffffffff
[    0.098669] ... fixed-purpose events:   3
[    0.098669] ... event mask:             000000070000000f
[    0.122134] NMI watchdog: enabled on all CPUs, permanently consumes one hw-PMU counter.
[    0.138723] x86: Booting SMP configuration:
[    0.138740] .... node  #0, CPUs:      #1 #2 #3 #4 #5 #6 #7
[    0.804362] x86: Booted up 1 node, 8 CPUs
[    0.804364] smpboot: Total of 8 processors activated (44954.30 BogoMIPS)
[    0.812085] devtmpfs: initialized
[    0.812130] x86/mm: Memory block size: 128MB
[    0.813728] PM: Registering ACPI NVS region [mem 0x2712d000-0x2712dfff] (4096 bytes)
[    0.813729] PM: Registering ACPI NVS region [mem 0x39191000-0x397e2fff] (6627328 bytes)
[    0.813830] clocksource: jiffies: mask: 0xffffffff max_cycles: 0xffffffff, max_idle_ns: 6370867519511994 ns
[    0.813868] pinctrl core: initialized pinctrl subsystem
[    0.813973] RTC time:  7:21:16, date: 12/06/16
[    0.814034] NET: Registered protocol family 16
[    0.828489] cpuidle: using governor ladder
[    0.848507] cpuidle: using governor menu
[    0.848569] Simple Boot Flag at 0x47 set to 0x80
[    0.848588] ACPI FADT declares the system doesn't support PCIe ASPM, so disable it
[    0.848589] ACPI: bus type PCI registered
[    0.848590] acpiphp: ACPI Hot Plug PCI Controller Driver version: 0.5
[    0.848636] PCI: MMCONFIG for domain 0000 [bus 00-ff] at [mem 0xe0000000-0xefffffff] (base 0xe0000000)
[    0.848638] PCI: MMCONFIG at [mem 0xe0000000-0xefffffff] reserved in E820
[    0.848644] PCI: Using configuration type 1 for base access
[    0.848649] dmi type 0xB1 record - unknown flag
[    0.868610] HugeTLB registered 1 GB page size, pre-allocated 0 pages
[    0.868611] HugeTLB registered 2 MB page size, pre-allocated 0 pages
[    0.868757] ACPI: Added _OSI(Module Device)
[    0.868758] ACPI: Added _OSI(Processor Device)
[    0.868759] ACPI: Added _OSI(3.0 _SCP Extensions)
[    0.868759] ACPI: Added _OSI(Processor Aggregator Device)
[    0.869655] ACPI: Executed 22 blocks of module-level executable AML code
[    0.878820] ACPI: [Firmware Bug]: BIOS _OSI(Linux) query ignored
[    0.887670] ACPI: Dynamic OEM Table Load:
[    0.887677] ACPI: SSDT 0xFFFF8802B3B8A800 00061E (v02 PmRef  Cpu0Ist  00003000 INTL 20120913)
[    0.888471] ACPI: \_PR_.CPU0: _OSC native thermal LVT Acked
[    0.889543] ACPI: Dynamic OEM Table Load:
[    0.889547] ACPI: SSDT 0xFFFF8802B3B86800 00037F (v02 PmRef  Cpu0Cst  00003001 INTL 20120913)
[    0.890897] ACPI: Dynamic OEM Table Load:
[    0.890901] ACPI: SSDT 0xFFFF8802B3B8E000 0005AA (v02 PmRef  ApIst    00003000 INTL 20120913)
[    0.891927] ACPI: Dynamic OEM Table Load:
[    0.891931] ACPI: SSDT 0xFFFF8802B3458400 000119 (v02 PmRef  ApCst    00003000 INTL 20120913)
[    0.896414] ACPI : EC: EC started
[    0.950379] ACPI: Interpreter enabled
[    0.950416] ACPI: (supports S0 S3 S4 S5)
[    0.950417] ACPI: Using IOAPIC for interrupt routing
[    0.950447] PCI: Using host bridge windows from ACPI; if necessary, use "pci=nocrs" and report a bug
[    0.951777] ACPI: Power Resource [PG00] (on)
[    0.996085] ACPI: Power Resource [PG01] (on)
[    0.996403] ACPI: Power Resource [PG02] (on)
[    0.998856] ACPI: Power Resource [WRST] (off)
[    0.999145] ACPI: Power Resource [WRST] (off)
[    0.999432] ACPI: Power Resource [WRST] (off)
[    0.999714] ACPI: Power Resource [WRST] (off)
[    0.999996] ACPI: Power Resource [WRST] (off)
[    1.000297] ACPI: Power Resource [WRST] (off)
[    1.000578] ACPI: Power Resource [WRST] (off)
[    1.000858] ACPI: Power Resource [WRST] (off)
[    1.001138] ACPI: Power Resource [WRST] (off)
[    1.001418] ACPI: Power Resource [WRST] (off)
[    1.001698] ACPI: Power Resource [WRST] (off)
[    1.001978] ACPI: Power Resource [WRST] (off)
[    1.002259] ACPI: Power Resource [WRST] (off)
[    1.002550] ACPI: Power Resource [WRST] (off)
[    1.002836] ACPI: Power Resource [WRST] (off)
[    1.003116] ACPI: Power Resource [WRST] (off)
[    1.003397] ACPI: Power Resource [WRST] (off)
[    1.003678] ACPI: Power Resource [WRST] (off)
[    1.003959] ACPI: Power Resource [WRST] (off)
[    1.004242] ACPI: Power Resource [WRST] (off)
[    1.015320] ACPI: Power Resource [FN00] (off)
[    1.015388] ACPI: Power Resource [FN01] (off)
[    1.015454] ACPI: Power Resource [FN02] (off)
[    1.015519] ACPI: Power Resource [FN03] (off)
[    1.015583] ACPI: Power Resource [FN04] (off)
[    1.016577] ACPI: PCI Root Bridge [PCI0] (domain 0000 [bus 00-fe])
[    1.016581] acpi PNP0A08:00: _OSC: OS supports [ExtendedConfig ASPM ClockPM Segments MSI]
[    1.016607] acpi PNP0A08:00: _OSC failed (AE_ERROR); disabling ASPM
[    1.017128] PCI host bridge to bus 0000:00
[    1.017130] pci_bus 0000:00: root bus resource [io  0x0000-0x0cf7 window]
[    1.017131] pci_bus 0000:00: root bus resource [io  0x0d00-0xffff window]
[    1.017132] pci_bus 0000:00: root bus resource [mem 0x000a0000-0x000bffff window]
[    1.017132] pci_bus 0000:00: root bus resource [mem 0x40000000-0xdfffffff window]
[    1.017133] pci_bus 0000:00: root bus resource [mem 0xfd000000-0xfe7fffff window]
[    1.017134] pci_bus 0000:00: root bus resource [bus 00-fe]
[    1.017140] pci 0000:00:00.0: [8086:1918] type 00 class 0x060000
[    1.017231] pci 0000:00:01.0: [8086:1901] type 01 class 0x060400
[    1.017263] pci 0000:00:01.0: PME# supported from D0 D3hot D3cold
[    1.017362] pci 0000:00:01.0: System wakeup disabled by ACPI
[    1.017410] pci 0000:00:02.0: [8086:191d] type 00 class 0x030000
[    1.017417] pci 0000:00:02.0: reg 0x10: [mem 0xdb000000-0xdbffffff 64bit]
[    1.017422] pci 0000:00:02.0: reg 0x18: [mem 0x70000000-0x7fffffff 64bit pref]
[    1.017425] pci 0000:00:02.0: reg 0x20: [io  0xf000-0xf03f]
[    1.017530] pci 0000:00:04.0: [8086:1903] type 00 class 0x118000
[    1.017538] pci 0000:00:04.0: reg 0x10: [mem 0xdd120000-0xdd127fff 64bit]
[    1.017704] pci 0000:00:14.0: [8086:a12f] type 00 class 0x0c0330
[    1.017719] pci 0000:00:14.0: reg 0x10: [mem 0xdd110000-0xdd11ffff 64bit]
[    1.017778] pci 0000:00:14.0: PME# supported from D3hot D3cold
[    1.017860] pci 0000:00:14.0: System wakeup disabled by ACPI
[    1.017890] pci 0000:00:14.2: [8086:a131] type 00 class 0x118000
[    1.017906] pci 0000:00:14.2: reg 0x10: [mem 0xdd138000-0xdd138fff 64bit]
[    1.018102] pci 0000:00:15.0: [8086:a160] type 00 class 0x118000
[    1.018161] pci 0000:00:15.0: reg 0x10: [mem 0xdd137000-0xdd137fff 64bit]
[    1.018687] pci 0000:00:15.1: [8086:a161] type 00 class 0x118000
[    1.018757] pci 0000:00:15.1: reg 0x10: [mem 0xdd136000-0xdd136fff 64bit]
[    1.019094] pci 0000:00:16.0: [8086:a13a] type 00 class 0x078000
[    1.019108] pci 0000:00:16.0: reg 0x10: [mem 0xdd135000-0xdd135fff 64bit]
[    1.019155] pci 0000:00:16.0: PME# supported from D3hot
[    1.019273] pci 0000:00:17.0: [8086:a102] type 00 class 0x010601
[    1.019286] pci 0000:00:17.0: reg 0x10: [mem 0xdd130000-0xdd131fff]
[    1.019294] pci 0000:00:17.0: reg 0x14: [mem 0xdd134000-0xdd1340ff]
[    1.019302] pci 0000:00:17.0: reg 0x18: [io  0xf090-0xf097]
[    1.019310] pci 0000:00:17.0: reg 0x1c: [io  0xf080-0xf083]
[    1.019319] pci 0000:00:17.0: reg 0x20: [io  0xf060-0xf07f]
[    1.019327] pci 0000:00:17.0: reg 0x24: [mem 0xdd133000-0xdd1337ff]
[    1.019365] pci 0000:00:17.0: PME# supported from D3hot
[    1.019485] pci 0000:00:1c.0: [8086:a110] type 01 class 0x060400
[    1.019537] pci 0000:00:1c.0: PME# supported from D0 D3hot D3cold
[    1.019631] pci 0000:00:1c.0: System wakeup disabled by ACPI
[    1.019657] pci 0000:00:1c.1: [8086:a111] type 01 class 0x060400
[    1.019708] pci 0000:00:1c.1: PME# supported from D0 D3hot D3cold
[    1.019799] pci 0000:00:1c.1: System wakeup disabled by ACPI
[    1.019845] pci 0000:00:1d.0: [8086:a118] type 01 class 0x060400
[    1.019903] pci 0000:00:1d.0: PME# supported from D0 D3hot D3cold
[    1.019998] pci 0000:00:1d.0: System wakeup disabled by ACPI
[    1.020034] pci 0000:00:1d.4: [8086:a11c] type 01 class 0x060400
[    1.020081] pci 0000:00:1d.4: PME# supported from D0 D3hot D3cold
[    1.020167] pci 0000:00:1d.4: System wakeup disabled by ACPI
[    1.020194] pci 0000:00:1d.6: [8086:a11e] type 01 class 0x060400
[    1.020247] pci 0000:00:1d.6: PME# supported from D0 D3hot D3cold
[    1.020337] pci 0000:00:1d.6: System wakeup disabled by ACPI
[    1.020370] pci 0000:00:1f.0: [8086:a150] type 00 class 0x060100
[    1.020557] pci 0000:00:1f.2: [8086:a121] type 00 class 0x058000
[    1.020565] pci 0000:00:1f.2: reg 0x10: [mem 0xdd12c000-0xdd12ffff]
[    1.020697] pci 0000:00:1f.3: [8086:a170] type 00 class 0x040380
[    1.020715] pci 0000:00:1f.3: reg 0x10: [mem 0xdd128000-0xdd12bfff 64bit]
[    1.020738] pci 0000:00:1f.3: reg 0x20: [mem 0xdd100000-0xdd10ffff 64bit]
[    1.020781] pci 0000:00:1f.3: PME# supported from D3hot D3cold
[    1.020916] pci 0000:00:1f.3: System wakeup disabled by ACPI
[    1.020949] pci 0000:00:1f.4: [8086:a123] type 00 class 0x0c0500
[    1.020995] pci 0000:00:1f.4: reg 0x10: [mem 0xdd132000-0xdd1320ff 64bit]
[    1.021064] pci 0000:00:1f.4: reg 0x20: [io  0xf040-0xf05f]
[    1.021264] pci 0000:01:00.0: [10de:13b1] type 00 class 0x030200
[    1.021272] pci 0000:01:00.0: reg 0x10: [mem 0xdc000000-0xdcffffff]
[    1.021280] pci 0000:01:00.0: reg 0x14: [mem 0xb0000000-0xbfffffff 64bit pref]
[    1.021287] pci 0000:01:00.0: reg 0x1c: [mem 0xc0000000-0xc1ffffff 64bit pref]
[    1.021293] pci 0000:01:00.0: reg 0x24: [io  0xe000-0xe07f]
[    1.021298] pci 0000:01:00.0: reg 0x30: [mem 0xdd000000-0xdd07ffff pref]
[    1.021380] pci 0000:01:00.0: System wakeup disabled by ACPI
[    1.029479] pci 0000:00:01.0: PCI bridge to [bus 01]
[    1.029480] pci 0000:00:01.0:   bridge window [io  0xe000-0xefff]
[    1.029482] pci 0000:00:01.0:   bridge window [mem 0xdc000000-0xdd0fffff]
[    1.029485] pci 0000:00:01.0:   bridge window [mem 0xb0000000-0xc1ffffff 64bit pref]
[    1.029558] pci 0000:02:00.0: [14e4:43ba] type 00 class 0x028000
[    1.029577] pci 0000:02:00.0: reg 0x10: [mem 0xdd800000-0xdd807fff 64bit]
[    1.029589] pci 0000:02:00.0: reg 0x18: [mem 0xdd400000-0xdd7fffff 64bit]
[    1.029689] pci 0000:02:00.0: supports D1 D2
[    1.029690] pci 0000:02:00.0: PME# supported from D0 D1 D2 D3hot D3cold
[    1.029774] pci 0000:02:00.0: System wakeup disabled by ACPI
[    1.039508] pci 0000:00:1c.0: PCI bridge to [bus 02]
[    1.039511] pci 0000:00:1c.0:   bridge window [mem 0xdd400000-0xdd8fffff]
[    1.039564] pci 0000:03:00.0: [10ec:525a] type 00 class 0xff0000
[    1.039588] pci 0000:03:00.0: reg 0x14: [mem 0xdda00000-0xdda00fff]
[    1.039687] pci 0000:03:00.0: supports D1 D2
[    1.039688] pci 0000:03:00.0: PME# supported from D1 D2 D3hot D3cold
[    1.039758] pci 0000:03:00.0: System wakeup disabled by ACPI
[    1.049498] pci 0000:00:1c.1: PCI bridge to [bus 03]
[    1.049500] pci 0000:00:1c.1:   bridge window [io  0xd000-0xdfff]
[    1.049502] pci 0000:00:1c.1:   bridge window [mem 0xdda00000-0xde3fffff]
[    1.049505] pci 0000:00:1c.1:   bridge window [mem 0xc2100000-0xc2afffff 64bit pref]
[    1.049813] pci 0000:04:00.0: [1179:010f] type 00 class 0x010802
[    1.049827] pci 0000:04:00.0: reg 0x10: [mem 0xde400000-0xde403fff 64bit]
[    1.049964] pci 0000:04:00.0: System wakeup disabled by ACPI
[    1.060197] pci 0000:00:1d.0: PCI bridge to [bus 04]
[    1.060200] pci 0000:00:1d.0:   bridge window [mem 0xde400000-0xde4fffff]
[    1.060240] pci 0000:00:1d.4: PCI bridge to [bus 05]
[    1.060282] pci 0000:00:1d.6: PCI bridge to [bus 06-3e]
[    1.060285] pci 0000:00:1d.6:   bridge window [mem 0xc4000000-0xda0fffff]
[    1.060288] pci 0000:00:1d.6:   bridge window [mem 0x80000000-0xa1ffffff 64bit pref]
[    1.062152] ACPI: PCI Interrupt Link [LNKA] (IRQs 3 4 5 6 10 *11 12 14 15)
[    1.062191] ACPI: PCI Interrupt Link [LNKB] (IRQs 3 4 5 6 *10 11 12 14 15)
[    1.062229] ACPI: PCI Interrupt Link [LNKC] (IRQs 3 4 5 6 10 *11 12 14 15)
[    1.062267] ACPI: PCI Interrupt Link [LNKD] (IRQs 3 4 5 6 10 *11 12 14 15)
[    1.062304] ACPI: PCI Interrupt Link [LNKE] (IRQs 3 4 5 6 10 *11 12 14 15)
[    1.062341] ACPI: PCI Interrupt Link [LNKF] (IRQs 3 4 5 6 10 *11 12 14 15)
[    1.062378] ACPI: PCI Interrupt Link [LNKG] (IRQs 3 4 5 6 10 *11 12 14 15)
[    1.062415] ACPI: PCI Interrupt Link [LNKH] (IRQs 3 4 5 6 10 *11 12 14 15)
[    1.063906] ACPI: Enabled 6 GPEs in block 00 to 7F
[    1.063966] ACPI : EC: EC stopped
[    1.064046] ACPI : EC: GPE = 0x14, I/O: command/status = 0x934, data = 0x930
[    1.064047] ACPI : EC: EC started
[    1.144384] vgaarb: setting as boot device: PCI:0000:00:02.0
[    1.144384] vgaarb: device added: PCI:0000:00:02.0,decodes=io+mem,owns=io+mem,locks=none
[    1.144387] vgaarb: loaded
[    1.144388] vgaarb: bridge control possible 0000:00:02.0
[    1.148257] PCI: Using ACPI for IRQ routing
[    1.170859] PCI: pci_cache_line_size set to 64 bytes
[    1.171257] e820: reserve RAM buffer [mem 0x00058000-0x0005ffff]
[    1.171258] e820: reserve RAM buffer [mem 0x0005f000-0x0005ffff]
[    1.171258] e820: reserve RAM buffer [mem 0x0009f000-0x0009ffff]
[    1.171259] e820: reserve RAM buffer [mem 0x238c6018-0x23ffffff]
[    1.171259] e820: reserve RAM buffer [mem 0x238d7018-0x23ffffff]
[    1.171260] e820: reserve RAM buffer [mem 0x256b3000-0x27ffffff]
[    1.171261] e820: reserve RAM buffer [mem 0x2712d000-0x27ffffff]
[    1.171262] e820: reserve RAM buffer [mem 0x271cf000-0x27ffffff]
[    1.171262] e820: reserve RAM buffer [mem 0x38a6d000-0x3bffffff]
[    1.171263] e820: reserve RAM buffer [mem 0x39191000-0x3bffffff]
[    1.171264] e820: reserve RAM buffer [mem 0x3a500000-0x3bffffff]
[    1.171265] e820: reserve RAM buffer [mem 0x2be000000-0x2bfffffff]
[    1.171326] NetLabel: Initializing
[    1.171327] NetLabel:  domain hash size = 128
[    1.171327] NetLabel:  protocols = UNLABELED CIPSOv4
[    1.171336] NetLabel:  unlabeled traffic allowed by default
[    1.171414] hpet0: at MMIO 0xfed00000, IRQs 2, 8, 0, 0, 0, 0, 0, 0
[    1.171418] hpet0: 8 comparators, 64-bit 24.000000 MHz counter
[    1.173461] clocksource: Switched to clocksource hpet
[    1.177581] VFS: Disk quotas dquot_6.6.0
[    1.177628] VFS: Dquot-cache hash table entries: 512 (order 0, 4096 bytes)
[    1.177673] pnp: PnP ACPI init
[    1.177857] system 00:00: [io  0x0680-0x069f] has been reserved
[    1.177859] system 00:00: [io  0xffff] has been reserved
[    1.177859] system 00:00: [io  0xffff] has been reserved
[    1.177860] system 00:00: [io  0xffff] has been reserved
[    1.177861] system 00:00: [io  0x1800-0x18fe] has been reserved
[    1.177862] system 00:00: [io  0x164e-0x164f] has been reserved
[    1.177864] system 00:00: Plug and Play ACPI device, IDs PNP0c02 (active)
[    1.177942] system 00:01: [io  0x0800-0x087f] has been reserved
[    1.177944] system 00:01: Plug and Play ACPI device, IDs PNP0c02 (active)
[    1.177959] pnp 00:02: Plug and Play ACPI device, IDs PNP0b00 (active)
[    1.177988] system 00:03: [io  0x1854-0x1857] has been reserved
[    1.177990] system 00:03: Plug and Play ACPI device, IDs INT3f0d PNP0c02 (active)
[    1.178110] pnp 00:04: Plug and Play ACPI device, IDs PNP0303 (active)
[    1.178124] pnp 00:05: Plug and Play ACPI device, IDs DLL06e5 PNP0f13 (active)
[    1.178297] system 00:06: [mem 0xfed10000-0xfed17fff] has been reserved
[    1.178298] system 00:06: [mem 0xfed18000-0xfed18fff] has been reserved
[    1.178299] system 00:06: [mem 0xfed19000-0xfed19fff] has been reserved
[    1.178301] system 00:06: [mem 0xe0000000-0xefffffff] has been reserved
[    1.178301] system 00:06: [mem 0xfed20000-0xfed3ffff] has been reserved
[    1.178302] system 00:06: [mem 0xfed90000-0xfed93fff] could not be reserved
[    1.178303] system 00:06: [mem 0xfed45000-0xfed8ffff] has been reserved
[    1.178304] system 00:06: [mem 0xff000000-0xffffffff] has been reserved
[    1.178305] system 00:06: [mem 0xfee00000-0xfeefffff] could not be reserved
[    1.178306] system 00:06: [mem 0xdffe0000-0xdfffffff] has been reserved
[    1.178308] system 00:06: Plug and Play ACPI device, IDs PNP0c02 (active)
[    1.178341] system 00:07: [mem 0xfd000000-0xfdabffff] has been reserved
[    1.178342] system 00:07: [mem 0xfdad0000-0xfdadffff] has been reserved
[    1.178343] system 00:07: [mem 0xfdb00000-0xfdffffff] has been reserved
[    1.178344] system 00:07: [mem 0xfe000000-0xfe01ffff] could not be reserved
[    1.178345] system 00:07: [mem 0xfe036000-0xfe03bfff] has been reserved
[    1.178346] system 00:07: [mem 0xfe03d000-0xfe3fffff] has been reserved
[    1.178347] system 00:07: [mem 0xfe410000-0xfe7fffff] has been reserved
[    1.178348] system 00:07: Plug and Play ACPI device, IDs PNP0c02 (active)
[    1.178601] system 00:08: [io  0xff00-0xfffe] has been reserved
[    1.178602] system 00:08: Plug and Play ACPI device, IDs PNP0c02 (active)
[    1.179533] system 00:09: [mem 0xfdaf0000-0xfdafffff] has been reserved
[    1.179534] system 00:09: [mem 0xfdae0000-0xfdaeffff] has been reserved
[    1.179535] system 00:09: [mem 0xfdac0000-0xfdacffff] has been reserved
[    1.179536] system 00:09: Plug and Play ACPI device, IDs PNP0c02 (active)
[    1.180083] pnp 00:0a: Plug and Play ACPI device, IDs PNP0c31 (active)
[    1.184546] pnp: PnP ACPI: found 11 devices
[    1.192620] clocksource: acpi_pm: mask: 0xffffff max_cycles: 0xffffff, max_idle_ns: 2085701024 ns
[    1.192650] pci 0000:00:1d.6: bridge window [io  0x1000-0x0fff] to [bus 06-3e] add_size 1000
[    1.192653] pci 0000:00:1d.6: res[13]=[io  0x1000-0x0fff] res_to_dev_res add_size 1000 min_align 1000
[    1.192654] pci 0000:00:1d.6: res[13]=[io  0x1000-0x1fff] res_to_dev_res add_size 1000 min_align 1000
[    1.192657] pci 0000:00:1d.6: BAR 13: assigned [io  0x2000-0x2fff]
[    1.192658] pci 0000:00:01.0: PCI bridge to [bus 01]
[    1.192660] pci 0000:00:01.0:   bridge window [io  0xe000-0xefff]
[    1.192662] pci 0000:00:01.0:   bridge window [mem 0xdc000000-0xdd0fffff]
[    1.192663] pci 0000:00:01.0:   bridge window [mem 0xb0000000-0xc1ffffff 64bit pref]
[    1.192666] pci 0000:00:1c.0: PCI bridge to [bus 02]
[    1.192669] pci 0000:00:1c.0:   bridge window [mem 0xdd400000-0xdd8fffff]
[    1.192673] pci 0000:00:1c.1: PCI bridge to [bus 03]
[    1.192675] pci 0000:00:1c.1:   bridge window [io  0xd000-0xdfff]
[    1.192677] pci 0000:00:1c.1:   bridge window [mem 0xdda00000-0xde3fffff]
[    1.192679] pci 0000:00:1c.1:   bridge window [mem 0xc2100000-0xc2afffff 64bit pref]
[    1.192683] pci 0000:00:1d.0: PCI bridge to [bus 04]
[    1.192687] pci 0000:00:1d.0:   bridge window [mem 0xde400000-0xde4fffff]
[    1.192692] pci 0000:00:1d.4: PCI bridge to [bus 05]
[    1.192698] pci 0000:00:1d.6: PCI bridge to [bus 06-3e]
[    1.192700] pci 0000:00:1d.6:   bridge window [io  0x2000-0x2fff]
[    1.192702] pci 0000:00:1d.6:   bridge window [mem 0xc4000000-0xda0fffff]
[    1.192704] pci 0000:00:1d.6:   bridge window [mem 0x80000000-0xa1ffffff 64bit pref]
[    1.192708] pci_bus 0000:00: resource 4 [io  0x0000-0x0cf7 window]
[    1.192709] pci_bus 0000:00: resource 5 [io  0x0d00-0xffff window]
[    1.192710] pci_bus 0000:00: resource 6 [mem 0x000a0000-0x000bffff window]
[    1.192711] pci_bus 0000:00: resource 7 [mem 0x40000000-0xdfffffff window]
[    1.192711] pci_bus 0000:00: resource 8 [mem 0xfd000000-0xfe7fffff window]
[    1.192712] pci_bus 0000:01: resource 0 [io  0xe000-0xefff]
[    1.192713] pci_bus 0000:01: resource 1 [mem 0xdc000000-0xdd0fffff]
[    1.192714] pci_bus 0000:01: resource 2 [mem 0xb0000000-0xc1ffffff 64bit pref]
[    1.192715] pci_bus 0000:02: resource 1 [mem 0xdd400000-0xdd8fffff]
[    1.192715] pci_bus 0000:03: resource 0 [io  0xd000-0xdfff]
[    1.192716] pci_bus 0000:03: resource 1 [mem 0xdda00000-0xde3fffff]
[    1.192717] pci_bus 0000:03: resource 2 [mem 0xc2100000-0xc2afffff 64bit pref]
[    1.192718] pci_bus 0000:04: resource 1 [mem 0xde400000-0xde4fffff]
[    1.192718] pci_bus 0000:06: resource 0 [io  0x2000-0x2fff]
[    1.192719] pci_bus 0000:06: resource 1 [mem 0xc4000000-0xda0fffff]
[    1.192720] pci_bus 0000:06: resource 2 [mem 0x80000000-0xa1ffffff 64bit pref]
[    1.192742] NET: Registered protocol family 2
[    1.192857] TCP established hash table entries: 65536 (order: 7, 524288 bytes)
[    1.192940] TCP bind hash table entries: 65536 (order: 8, 1048576 bytes)
[    1.193015] TCP: Hash tables configured (established 65536 bind 65536)
[    1.193031] UDP hash table entries: 4096 (order: 5, 131072 bytes)
[    1.193048] UDP-Lite hash table entries: 4096 (order: 5, 131072 bytes)
[    1.193083] NET: Registered protocol family 1
[    1.193092] pci 0000:00:02.0: Video device with shadowed ROM at [mem 0x000c0000-0x000dffff]
[    1.194604] PCI: CLS 0 bytes, default 64
[    1.194630] Unpacking initramfs...
[    1.368062] Freeing initrd memory: 13484K (ffff8800238f1000 - ffff88002461c000)
[    1.368084] DMAR: ACPI device "device:68" under DMAR at fed91000 as 00:15.0
[    1.368087] DMAR: ACPI device "device:69" under DMAR at fed91000 as 00:15.1
[    1.368097] PCI-DMA: Using software bounce buffering for IO (SWIOTLB)
[    1.368098] software IO TLB [mem 0x1f8c6000-0x238c6000] (64MB) mapped at [ffff88001f8c6000-ffff8800238c5fff]
[    1.368606] Scanning for low memory corruption every 60 seconds
[    1.368819] futex hash table entries: 2048 (order: 5, 131072 bytes)
[    1.369130] Initialise system trusted keyrings
[    1.369416] workingset: timestamp_bits=40 max_order=21 bucket_order=0
[    1.370605] zbud: loaded
[    1.371400] Key type asymmetric registered
[    1.371422] Block layer SCSI generic (bsg) driver version 0.4 loaded (major 249)
[    1.371564] io scheduler noop registered
[    1.371564] io scheduler deadline registered
[    1.371569] io scheduler cfq registered (default)
[    1.372278] pci_hotplug: PCI Hot Plug PCI Core version: 0.5
[    1.372281] pciehp: PCI Express Hot Plug Controller Driver version: 0.4
[    1.372290] efifb: probing for efifb
[    1.372300] efifb: framebuffer at 0x70000000, using 8100k, total 8100k
[    1.372300] efifb: mode is 1920x1080x32, linelength=7680, pages=1
[    1.372301] efifb: scrolling: redraw
[    1.372302] efifb: Truecolor: size=8:8:8:8, shift=24:16:8:0
[    1.375554] Console: switching to colour frame buffer device 240x67
[    1.378756] fb0: EFI VGA frame buffer device
[    1.378761] intel_idle: MWAIT substates: 0x11142120
[    1.378761] intel_idle: v0.4.1 model 0x5E
[    1.379069] intel_idle: lapic_timer_reliable_states 0xffffffff
[    1.379210] GHES: HEST is not enabled!
[    1.379255] Serial: 8250/16550 driver, 4 ports, IRQ sharing enabled
[    1.379681] Linux agpgart interface v0.103
[    1.380212] rtc_cmos 00:02: RTC can wake from S4
[    1.380584] rtc_cmos 00:02: rtc core: registered rtc_cmos as rtc0
[    1.380669] rtc_cmos 00:02: alarms up to one month, y3k, 242 bytes nvram, hpet irqs
[    1.380674] intel_pstate: Intel P-state driver initializing
[    1.381118] intel_pstate: HWP enabled
[    1.381327] ledtrig-cpu: registered to indicate activity on CPUs
[    1.381455] NET: Registered protocol family 10
[    1.381711] NET: Registered protocol family 17
[    1.381893] microcode: sig=0x506e3, pf=0x20, revision=0x9e
[    1.382159] microcode: Microcode Update Driver: v2.01 <tigran@aivazian.fsnet.co.uk>, Peter Oruba
[    1.382323] registered taskstats version 1
[    1.382324] Loading compiled-in X.509 certificates
[    1.382332] zswap: loaded using pool lzo/zbud
[    1.384517]   Magic number: 12:51:369
[    1.384791] rtc_cmos 00:02: setting system clock to 2016-12-06 07:21:16 UTC (1481008876)
[    1.384845] PM: Checking hibernation image partition /dev/mapper/vg0-swap
[    1.384846] PM: Hibernation image not present or could not be loaded.
[    1.385582] Freeing unused kernel memory: 1256K (ffffffff81b08000 - ffffffff81c42000)
[    1.385583] Write protecting the kernel read-only data: 10240k
[    1.386264] Freeing unused kernel memory: 2044K (ffff880001601000 - ffff880001800000)
[    1.386646] Freeing unused kernel memory: 136K (ffff8800019de000 - ffff880001a00000)
[    1.392385] random: systemd-tmpfile: uninitialized urandom read (16 bytes read)
[    1.392422] random: systemd-tmpfile: uninitialized urandom read (16 bytes read)
[    1.393809] random: systemd-udevd: uninitialized urandom read (16 bytes read)
[    1.393832] random: systemd-udevd: uninitialized urandom read (16 bytes read)
[    1.393837] random: systemd-udevd: uninitialized urandom read (16 bytes read)
[    1.396500] random: systemd-udevd: uninitialized urandom read (16 bytes read)
[    1.396510] random: systemd-udevd: uninitialized urandom read (16 bytes read)
[    1.396513] random: systemd-udevd: uninitialized urandom read (16 bytes read)
[    1.397113] random: systemd-udevd: uninitialized urandom read (16 bytes read)
[    1.397121] random: systemd-udevd: uninitialized urandom read (16 bytes read)
[    1.427433] i8042: PNP: PS/2 Controller [PNP0303:PS2K,PNP0f13:PS2M] at 0x60,0x64 irq 1,12
[    1.428004] i8042: Warning: Keylock active
[    1.430472] serio: i8042 KBD port at 0x60,0x64 irq 1
[    1.430494] serio: i8042 AUX port at 0x60,0x64 irq 12
[    1.443923] SCSI subsystem initialized
[    1.444854] ACPI: bus type USB registered
[    1.444867] usbcore: registered new interface driver usbfs
[    1.444875] usbcore: registered new interface driver hub
[    1.444929] usbcore: registered new device driver usb
[    1.445142] rtsx_pci 0000:03:00.0: rtsx_pci_acquire_irq: pcr->msi_en = 1, pci->irq = 123
[    1.446605] libata version 3.00 loaded.
[    1.447612] nvme nvme0: pci function 0000:04:00.0
[    1.448354] xhci_hcd 0000:00:14.0: xHCI Host Controller
[    1.448357] xhci_hcd 0000:00:14.0: new USB bus registered, assigned bus number 1
[    1.449849] xhci_hcd 0000:00:14.0: hcc params 0x200077c1 hci version 0x100 quirks 0x00109810
[    1.449853] xhci_hcd 0000:00:14.0: cache line size of 64 is not supported
[    1.450082] hub 1-0:1.0: USB hub found
[    1.450100] hub 1-0:1.0: 16 ports detected
[    1.455834] AVX2 version of gcm_enc/dec engaged.
[    1.455835] AES CTR mode by8 optimization enabled
[    1.462236] xhci_hcd 0000:00:14.0: xHCI Host Controller
[    1.462238] xhci_hcd 0000:00:14.0: new USB bus registered, assigned bus number 2
[    1.462387] hub 2-0:1.0: USB hub found
[    1.462397] hub 2-0:1.0: 10 ports detected
[    1.470107] ahci 0000:00:17.0: version 3.0
[    1.470559] ahci 0000:00:17.0: SSS flag set, parallel bus scan disabled
[    1.470622] ahci 0000:00:17.0: AHCI 0001.0301 32 slots 1 ports 6 Gbps 0x2 impl SATA mode
[    1.470624] ahci 0000:00:17.0: flags: 64bit ncq sntf stag pm led clo only pio slum part ems deso sadm sds apst 
[    1.471172] scsi host0: ahci
[    1.471461] scsi host1: ahci
[    1.471508] ata1: DUMMY
[    1.471510] ata2: SATA max UDMA/133 abar m2048@0xdd133000 port 0xdd133180 irq 126
[    1.478177] input: AT Translated Set 2 keyboard as /devices/platform/i8042/serio0/input/input0
[    1.664225]  nvme0n1: p1 p2
[    1.780359] usb 1-4: new full-speed USB device number 2 using xhci_hcd
[    1.781174] ata2: SATA link down (SStatus 4 SControl 300)
[    1.788280] device-mapper: uevent: version 1.0.3
[    1.788450] device-mapper: ioctl: 4.35.0-ioctl (2016-06-23) initialised: dm-devel@redhat.com
[    2.083714] usb 1-12: new high-speed USB device number 3 using xhci_hcd
[    2.380403] tsc: Refined TSC clocksource calibration: 2807.988 MHz
[    2.380428] clocksource: tsc: mask: 0xffffffffffffffff max_cycles: 0x2879babd74a, max_idle_ns: 440795348497 ns
[    3.394031] clocksource: Switched to clocksource tsc
[    5.650864] random: crng init done
[    7.818564] NET: Registered protocol family 38
[    8.168287] PM: Starting manual resume from disk
[    8.168291] PM: Hibernation image partition 254:1 present
[    8.168292] PM: Looking for hibernation image.
[    8.168809] PM: Image not found (code -22)
[    8.168811] PM: Hibernation image not present or could not be loaded.
[    8.210235] EXT4-fs (dm-2): mounted filesystem with ordered data mode. Opts: (null)
[    8.269873] ip_tables: (C) 2000-2006 Netfilter Core Team
[    8.326653] systemd[1]: systemd 232 running in system mode. (+PAM -AUDIT -SELINUX -IMA -APPARMOR +SMACK -SYSVINIT +UTMP +LIBCRYPTSETUP +GCRYPT +GNUTLS +ACL +XZ +LZ4 +SECCOMP +BLKID +ELFUTILS +KMOD +IDN)
[    8.327022] systemd[1]: Detected architecture x86-64.
[    8.328285] systemd[1]: Set hostname to <xps>.
[    8.364780] systemd[1]: Listening on Device-mapper event daemon FIFOs.
[    8.364871] systemd[1]: Reached target Login Prompts.
[    8.364937] systemd[1]: Listening on udev Control Socket.
[    8.364995] systemd[1]: Listening on LVM2 metadata daemon socket.
[    8.365062] systemd[1]: Listening on Journal Socket.
[    8.365553] systemd[1]: Listening on Process Core Dump Socket.
[    8.368476] systemd[1]: Created slice User and Session Slice.
[    8.393692] acpi_call: loading out-of-tree module taints kernel.
[    8.401852] EXT4-fs (dm-2): re-mounted. Opts: data=ordered
[    9.416097] systemd-journald[275]: Received request to flush runtime journal from PID 1
[    9.462069] input: Lid Switch as /devices/LNXSYSTM:00/LNXSYBUS:00/PNP0C0D:00/input/input2
[    9.462516] ACPI: Lid Switch [LID0]
[    9.462552] input: Power Button as /devices/LNXSYSTM:00/LNXSYBUS:00/PNP0C0C:00/input/input3
[    9.462554] ACPI: Power Button [PBTN]
[    9.462578] input: Sleep Button as /devices/LNXSYSTM:00/LNXSYBUS:00/PNP0C0E:00/input/input4
[    9.462579] ACPI: Sleep Button [SBTN]
[    9.462609] input: Power Button as /devices/LNXSYSTM:00/LNXPWRBN:00/input/input5
[    9.462611] ACPI: Power Button [PWRF]
[    9.463544] FUJITSU Extended Socket Network Device Driver - version 1.1 - Copyright (c) 2015 FUJITSU LIMITED
[    9.465550] ACPI: AC Adapter [AC] (on-line)
[    9.467759] acpi INT33D5:00: intel-hid: created platform device
[    9.467970] input: Intel HID events as /devices/platform/INT33D5:00/input/input6
[    9.475587] ACPI Warning: \_SB.IETM._ART: Return Package type mismatch at index 0 - found Integer, expected Reference (20160422/nspredef-297)
[    9.475592] ACPI: Invalid package element [0]: got number, expecting [R]
[    9.475593] _ART package 0 is invalid, ignoredACPI Warning: \_SB.IETM._TRT: Return Package has no elements (empty) (20160422/nsprepkg-130)
[    9.479003] Bluetooth: Core ver 2.21
[    9.479013] NET: Registered protocol family 31
[    9.479013] Bluetooth: HCI device and connection manager initialized
[    9.479015] Bluetooth: HCI socket layer initialized
[    9.479017] Bluetooth: L2CAP socket layer initialized
[    9.479020] Bluetooth: SCO socket layer initialized
[    9.482109] Bluetooth: HCI UART driver ver 2.3
[    9.482110] Bluetooth: HCI UART protocol H4 registered
[    9.482111] Bluetooth: HCI UART protocol BCSP registered
[    9.482111] Bluetooth: HCI UART protocol LL registered
[    9.482111] Bluetooth: HCI UART protocol ATH3K registered
[    9.482112] Bluetooth: HCI UART protocol Three-wire (H5) registered
[    9.482131] Bluetooth: HCI UART protocol Intel registered
[    9.482139] Bluetooth: HCI UART protocol BCM registered
[    9.482139] Bluetooth: HCI UART protocol QCA registered
[    9.482140] Bluetooth: HCI UART protocol AG6XX registered
[    9.487242] ACPI: Battery Slot [BAT0] (battery present)
[    9.487453] wmi: Mapper loaded
[    9.490441] hidraw: raw HID events driver (C) Jiri Kosina
[    9.493017] thermal LNXTHERM:00: registered as thermal_zone7
[    9.493018] ACPI: Thermal Zone [THM] (25 C)
[    9.493121] ACPI Error: [\_SB_.PCI0.LPCB.H_EC.ECAV] Namespace lookup failure, AE_NOT_FOUND (20160422/psargs-359)
[    9.493124] ACPI Error: Method parse/execution failed [\_TZ.TZ00._TMP] (Node ffff8802b5119cf8), AE_NOT_FOUND (20160422/psparse-542)
[    9.493224] ACPI Error: [\_SB_.PCI0.LPCB.H_EC.ECAV] Namespace lookup failure, AE_NOT_FOUND (20160422/psargs-359)
[    9.493226] ACPI Error: Method parse/execution failed [\_TZ.TZ00._TMP] (Node ffff8802b5119cf8), AE_NOT_FOUND (20160422/psparse-542)
[    9.493270] ACPI Error: [\_SB_.PCI0.LPCB.H_EC.ECAV] Namespace lookup failure, AE_NOT_FOUND (20160422/psargs-359)
[    9.493272] ACPI Error: Method parse/execution failed [\_TZ.TZ01._TMP] (Node ffff8802b5119280), AE_NOT_FOUND (20160422/psparse-542)
[    9.493310] ACPI Error: [\_SB_.PCI0.LPCB.H_EC.ECAV] Namespace lookup failure, AE_NOT_FOUND (20160422/psargs-359)
[    9.493312] ACPI Error: Method parse/execution failed [\_TZ.TZ01._TMP] (Node ffff8802b5119280), AE_NOT_FOUND (20160422/psparse-542)
[    9.495798] intel-lpss 0000:00:15.0: enabling device (0000 -> 0002)
[    9.496651] EDAC MC: Ver: 3.0.0
[    9.496830] tpm_tis 00:0a: 1.2 TPM (device-id 0xFE, rev-id 2)
[    9.497984] idma64 idma64.0: Found Intel integrated DMA 64-bit
[    9.498125] EDAC MC0: Giving out device to module ie31200_edac controller IE31200: DEV 0000:00:00.0 (POLLED)
[    9.498255] intel-lpss 0000:00:15.1: enabling device (0000 -> 0002)
[    9.498464] idma64 idma64.1: Found Intel integrated DMA 64-bit
[    9.498505] mei_me 0000:00:16.0: enabling device (0000 -> 0002)
[    9.500169] ACPI Error: [\_SB_.PCI0.LPCB.H_EC.ECAV] Namespace lookup failure, AE_NOT_FOUND (20160422/psargs-359)
[    9.500172] ACPI Error: Method parse/execution failed [\_TZ.FNCL] (Node ffff8802b5119898), AE_NOT_FOUND (20160422/psparse-542)
[    9.500176] ACPI Error: Method parse/execution failed [\_TZ.FN00._ON] (Node ffff8802b5119348), AE_NOT_FOUND (20160422/psparse-542)
[    9.500181] acpi PNP0C0B:00: Failed to change power state to D0
[    9.505114] [drm] Initialized drm 1.1.0 20060810
[    9.505442] media: Linux media interface: v0.10
[    9.506390] usbcore: registered new interface driver btusb
[    9.509346] Linux video capture interface: v2.00
[    9.510223] ACPI Error: [\_SB_.PCI0.LPCB.H_EC.ECAV] Namespace lookup failure, AE_NOT_FOUND (20160422/psargs-359)
[    9.510228] ACPI Error: Method parse/execution failed [\_TZ.FNCL] (Node ffff8802b5119898), AE_NOT_FOUND (20160422/psparse-542)
[    9.510234] ACPI Error: Method parse/execution failed [\_TZ.FN00._ON] (Node ffff8802b5119348), AE_NOT_FOUND (20160422/psparse-542)
[    9.510241] acpi PNP0C0B:00: Failed to set initial power state
[    9.511619] proc_thermal 0000:00:04.0: enabling device (0000 -> 0002)
[    9.513781] shpchp: Standard Hot Plug PCI Controller Driver version: 0.4
[    9.517617] Bluetooth: hci0: BCM: chip id 102
[    9.519798] i801_smbus 0000:00:1f.4: SMBus using PCI interrupt
[    9.530115] acpi PNP0C0B:00: Cannot transition from (unknown) to D3hot
[    9.531327] usbcore: registered new interface driver brcmfmac
[    9.533622] Bluetooth: hci0: BCM20703A1
[    9.534615] Bluetooth: hci0: BCM (001.001.005) build 0000
[    9.535128] MXM: GUID detected in BIOS
[    9.535156] ACPI Warning: \_SB.PCI0.GFX0._DSM: Argument #4 type mismatch - Found [Buffer], ACPI requires [Package] (20160422/nsarguments-95)
[    9.535196] ACPI Warning: \_SB.PCI0.PEG0.PEGP._DSM: Argument #4 type mismatch - Found [Buffer], ACPI requires [Package] (20160422/nsarguments-95)
[    9.535230] ACPI Warning: \_SB.PCI0.PEG0.PEGP._DSM: Argument #4 type mismatch - Found [Buffer], ACPI requires [Package] (20160422/nsarguments-95)
[    9.545141] pci 0000:01:00.0: optimus capabilities: enabled, status dynamic power, hda bios codec supported
[    9.545144] VGA switcheroo: detected Optimus DSM method \_SB_.PCI0.PEG0.PEGP handle
[    9.545144] nouveau: detected PR support, will not use DSM
[    9.545582] ACPI Error: [\_SB_.PCI0.LPCB.H_EC.ECAV] Namespace lookup failure, AE_NOT_FOUND (20160422/psargs-359)
[    9.545585] ACPI Error: Method parse/execution failed [\_TZ.FNCL] (Node ffff8802b5119898), AE_NOT_FOUND (20160422/psparse-542)
[    9.545589] ACPI Error: Method parse/execution failed [\_TZ.FN01._ON] (Node ffff8802b5119b90), AE_NOT_FOUND (20160422/psparse-542)
[    9.545605] acpi PNP0C0B:01: Failed to change power state to D0
[    9.546862] brcmfmac 0000:02:00.0: enabling device (0000 -> 0002)
[    9.553560] ACPI Error: [\_SB_.PCI0.LPCB.H_EC.ECAV] Namespace lookup failure, AE_NOT_FOUND (20160422/psargs-359)
[    9.553563] ACPI Error: Method parse/execution failed [\_TZ.FNCL] (Node ffff8802b5119898), AE_NOT_FOUND (20160422/psparse-542)
[    9.553566] ACPI Error: Method parse/execution failed [\_TZ.FN01._ON] (Node ffff8802b5119b90), AE_NOT_FOUND (20160422/psparse-542)
[    9.553570] acpi PNP0C0B:01: Failed to set initial power state
[    9.583482] acpi PNP0C0B:01: Cannot transition from (unknown) to D3hot
[    9.593600] ACPI Error: [\_SB_.PCI0.LPCB.H_EC.ECAV] Namespace lookup failure, AE_NOT_FOUND (20160422/psargs-359)
[    9.593603] ACPI Error: Method parse/execution failed [\_TZ.FNCL] (Node ffff8802b5119898), AE_NOT_FOUND (20160422/psparse-542)
[    9.593606] ACPI Error: Method parse/execution failed [\_TZ.FN02._ON] (Node ffff8802b51194b0), AE_NOT_FOUND (20160422/psparse-542)
[    9.593697] acpi PNP0C0B:02: Failed to change power state to D0
[    9.603562] ACPI Error: [\_SB_.PCI0.LPCB.H_EC.ECAV] Namespace lookup failure, AE_NOT_FOUND (20160422/psargs-359)
[    9.603564] ACPI Error: Method parse/execution failed [\_TZ.FNCL] (Node ffff8802b5119898), AE_NOT_FOUND (20160422/psparse-542)
[    9.603568] ACPI Error: Method parse/execution failed [\_TZ.FN02._ON] (Node ffff8802b51194b0), AE_NOT_FOUND (20160422/psparse-542)
[    9.603572] acpi PNP0C0B:02: Failed to set initial power state
[    9.620147] acpi PNP0C0B:02: Cannot transition from (unknown) to D3hot
[    9.633570] ACPI Error: [\_SB_.PCI0.LPCB.H_EC.ECAV] Namespace lookup failure, AE_NOT_FOUND (20160422/psargs-359)
[    9.633573] ACPI Error: Method parse/execution failed [\_TZ.FNCL] (Node ffff8802b5119898), AE_NOT_FOUND (20160422/psparse-542)
[    9.633577] ACPI Error: Method parse/execution failed [\_TZ.FN03._ON] (Node ffff8802b51190a0), AE_NOT_FOUND (20160422/psparse-542)
[    9.633581] acpi PNP0C0B:03: Failed to change power state to D0
[    9.643557] ACPI Error: [\_SB_.PCI0.LPCB.H_EC.ECAV] Namespace lookup failure, AE_NOT_FOUND (20160422/psargs-359)
[    9.643560] ACPI Error: Method parse/execution failed [\_TZ.FNCL] (Node ffff8802b5119898), AE_NOT_FOUND (20160422/psparse-542)
[    9.643564] ACPI Error: Method parse/execution failed [\_TZ.FN03._ON] (Node ffff8802b51190a0), AE_NOT_FOUND (20160422/psparse-542)
[    9.643568] acpi PNP0C0B:03: Failed to set initial power state
[    9.654969] brcmfmac 0000:02:00.0: Direct firmware load for brcm/brcmfmac43602-pcie.txt failed with error -2
[    9.660137] acpi PNP0C0B:03: Cannot transition from (unknown) to D3hot
[    9.670160] ACPI Error: [\_SB_.PCI0.LPCB.H_EC.ECAV] Namespace lookup failure, AE_NOT_FOUND (20160422/psargs-359)
[    9.670163] ACPI Error: Method parse/execution failed [\_TZ.FNCL] (Node ffff8802b5119898), AE_NOT_FOUND (20160422/psparse-542)
[    9.670167] ACPI Error: Method parse/execution failed [\_TZ.FN04._ON] (Node ffff8802b5119e88), AE_NOT_FOUND (20160422/psparse-542)
[    9.670171] acpi PNP0C0B:04: Failed to change power state to D0
[    9.680191] ACPI Error: [\_SB_.PCI0.LPCB.H_EC.ECAV] Namespace lookup failure, AE_NOT_FOUND (20160422/psargs-359)
[    9.680194] ACPI Error: Method parse/execution failed [\_TZ.FNCL] (Node ffff8802b5119898), AE_NOT_FOUND (20160422/psparse-542)
[    9.680198] ACPI Error: Method parse/execution failed [\_TZ.FN04._ON] (Node ffff8802b5119e88), AE_NOT_FOUND (20160422/psparse-542)
[    9.680546] acpi PNP0C0B:04: Failed to set initial power state
[    9.703518] acpi PNP0C0B:04: Cannot transition from (unknown) to D3hot
[    9.703629] input: PC Speaker as /devices/platform/pcspkr/input/input8
[    9.706471] RAPL PMU: API unit is 2^-32 Joules, 5 fixed counters, 655360 ms ovfl timer
[    9.706472] RAPL PMU: hw unit of domain pp0-core 2^-14 Joules
[    9.706472] RAPL PMU: hw unit of domain package 2^-14 Joules
[    9.706472] RAPL PMU: hw unit of domain dram 2^-14 Joules
[    9.706473] RAPL PMU: hw unit of domain pp1-gpu 2^-14 Joules
[    9.706473] RAPL PMU: hw unit of domain psys 2^-14 Joules
[   10.093765] uvcvideo: Found UVC 1.00 device Integrated_Webcam_HD (0c45:6713)
[   10.094102] nouveau 0000:01:00.0: enabling device (0000 -> 0003)
[   10.094210] nouveau 0000:01:00.0: unknown chipset (ffffffff)
[   10.095280] nouveau: probe of 0000:01:00.0 failed with error -12
[   10.136581] uvcvideo 1-12:1.0: Entity type for entity Extension 4 was not initialized!
[   10.136583] uvcvideo 1-12:1.0: Entity type for entity Extension 3 was not initialized!
[   10.136583] uvcvideo 1-12:1.0: Entity type for entity Processing 2 was not initialized!
[   10.136584] uvcvideo 1-12:1.0: Entity type for entity Camera 1 was not initialized!
[   10.136626] input: Integrated_Webcam_HD as /devices/pci0000:00/0000:00:14.0/usb1/1-12/1-12:1.0/input/input9
[   10.136664] usbcore: registered new interface driver uvcvideo
[   10.136665] USB Video Class driver (1.1.1)
[   10.180922] dcdbas dcdbas: Dell Systems Management Base Driver (version 5.6.0-3.2)
[   10.181166] iTCO_vendor_support: vendor-support=0
[   10.181594] iTCO_wdt: Intel TCO WatchDog Timer Driver v1.11
[   10.181723] iTCO_wdt: Found a Intel PCH TCO device (Version=4, TCOBASE=0x0400)
[   10.181813] iTCO_wdt: initialized. heartbeat=30 sec (nowayout=0)
[   10.239941] dell_wmi: Detected Dell WMI interface version 1
[   10.239993] input: Dell WMI hotkeys as /devices/virtual/input/input10
[   10.243865] dell_laptop: Using i8042 filter function for receiving events
[   10.557736] brcmfmac: brcmf_c_preinit_dcmds: Firmware version = wl0: Nov 10 2015 06:38:10 version 7.35.177.61 (r598657) FWID 01-ea662a8c
[   10.621801] brcmfmac: brcmf_cfg80211_reg_notifier: not a ISO3166 code (0x30 0x30)
[   10.626835] psmouse serio1: synaptics: device claims to have max coordinates query, but I'm not able to read it.
[   10.824699] brcmfmac 0000:02:00.0 wlp2s0: renamed from wlan0
[   10.828279] [drm] Memory usable by graphics device = 4096M
[   10.828280] checking generic (70000000 7e9000) vs hw (70000000 10000000)
[   10.828281] fb: switching to inteldrmfb from EFI VGA
[   10.828294] Console: switching to colour dummy device 80x25
[   10.828353] [drm] Replacing VGA console driver
[   10.831256] intel_rapl: Found RAPL domain package
[   10.831259] intel_rapl: Found RAPL domain core
[   10.831260] intel_rapl: Found RAPL domain uncore
[   10.831262] intel_rapl: Found RAPL domain dram
[   10.833473] [drm] Supports vblank timestamp caching Rev 2 (21.10.2013).
[   10.833473] [drm] Driver supports precise vblank timestamp query.
[   10.837153] vgaarb: device changed decodes: PCI:0000:00:02.0,olddecodes=io+mem,decodes=io+mem:owns=io+mem
[   10.838104] input: DLL06E5:01 06CB:7A13 Touchpad as /devices/pci0000:00/0000:00:15.1/i2c_designware.1/i2c-2/i2c-DLL06E5:01/0018:06CB:7A13.0001/input/input11
[   10.838162] hid-multitouch 0018:06CB:7A13.0001: input,hidraw0: I2C HID v1.00 Mouse [DLL06E5:01 06CB:7A13] on i2c-DLL06E5:01
[   10.838528] [drm] Finished loading i915/skl_dmc_ver1_26.bin (v1.26)
[   10.839650] mousedev: PS/2 mouse device common for all mice
[   10.843169] [drm] GuC firmware load skipped
[   10.844985] ACPI: Video Device [GFX0] (multi-head: yes  rom: no  post: no)
[   10.845639] input: Video Bus as /devices/LNXSYSTM:00/LNXSYBUS:00/PNP0A08:00/LNXVIDEO:00/input/input13
[   10.845759] ACPI: Video Device [PEGP] (multi-head: no  rom: yes  post: no)
[   10.845830] input: Video Bus as /devices/LNXSYSTM:00/LNXSYBUS:00/PNP0A08:00/device:0a/LNXVIDEO:01/input/input14
[   10.845946] [drm] Initialized i915 1.6.0 20160711 for 0000:00:02.0 on minor 0
[   10.845968] snd_hda_intel 0000:00:1f.3: enabling device (0000 -> 0002)
[   10.880929] snd_hda_intel 0000:00:1f.3: bound 0000:00:02.0 (ops i915_audio_component_bind_ops [i915])
[   10.880968] fbcon: inteldrmfb (fb0) is primary device
[   10.912862] snd_hda_codec_realtek hdaudioC0D0: autoconfig for ALC3266: line_outs=1 (0x17/0x0/0x0/0x0/0x0) type:speaker
[   10.912866] snd_hda_codec_realtek hdaudioC0D0:    speaker_outs=0 (0x0/0x0/0x0/0x0/0x0)
[   10.912869] snd_hda_codec_realtek hdaudioC0D0:    hp_outs=1 (0x21/0x0/0x0/0x0/0x0)
[   10.912871] snd_hda_codec_realtek hdaudioC0D0:    mono: mono_out=0x0
[   10.912872] snd_hda_codec_realtek hdaudioC0D0:    inputs:
[   10.912875] snd_hda_codec_realtek hdaudioC0D0:      Headset Mic=0x18
[   10.912877] snd_hda_codec_realtek hdaudioC0D0:      Headphone Mic=0x1a
[   10.912880] snd_hda_codec_realtek hdaudioC0D0:      Internal Mic=0x12
[   10.938415] input: HDA Intel PCH Headphone Mic as /devices/pci0000:00/0000:00:1f.3/sound/card0/input15
[   10.938592] input: HDA Intel PCH HDMI/DP,pcm=3 as /devices/pci0000:00/0000:00:1f.3/sound/card0/input16
[   10.938743] input: HDA Intel PCH HDMI/DP,pcm=7 as /devices/pci0000:00/0000:00:1f.3/sound/card0/input17
[   10.938907] input: HDA Intel PCH HDMI/DP,pcm=8 as /devices/pci0000:00/0000:00:1f.3/sound/card0/input18
[   11.023537] psmouse serio1: synaptics: device claims to have min coordinates query, but I'm not able to read it.
[   11.107830] Bluetooth: hci0: BCM (001.001.005) build 0481
[   11.123824] Bluetooth: hci0: BCM20703A1 Generic USB 20Mhz fcbga_BU
[   11.199975] Adding 16777212k swap on /dev/mapper/vg0-swap.  Priority:-1 extents:1 across:16777212k SSFS
[   11.226913] psmouse serio1: synaptics: Unable to initialize device.
[   12.224453] Console: switching to colour frame buffer device 240x67
[   12.246982] i915 0000:00:02.0: fb0: inteldrmfb frame buffer device
[   12.286961] FAT-fs (nvme0n1p1): Volume was not properly unmounted. Some data may be corrupt. Please run fsck.
[   12.380424] [drm] RC6 on
[   12.960586] Bluetooth: BNEP (Ethernet Emulation) ver 1.3
[   12.960587] Bluetooth: BNEP filters: protocol multicast
[   12.960591] Bluetooth: BNEP socket layer initialized
[   13.132849] IPv6: ADDRCONF(NETDEV_UP): wlp2s0: link is not ready
[   13.179093] IPv6: ADDRCONF(NETDEV_UP): wlp2s0: link is not ready
[   13.715364] IPv6: ADDRCONF(NETDEV_UP): wlp2s0: link is not ready
[   13.848549] brcmfmac: brcmf_p2p_create_p2pdev: set p2p_disc error
[   13.848556] brcmfmac: brcmf_cfg80211_add_iface: add iface p2p-dev-wlp2s0 type 10 failed: err=-16
[   13.852020] IPv6: ADDRCONF(NETDEV_UP): wlp2s0: link is not ready
[   15.087510] Bluetooth: RFCOMM TTY layer initialized
[   15.087520] Bluetooth: RFCOMM socket layer initialized
[   15.087529] Bluetooth: RFCOMM ver 1.11
[   16.723713] input: PS/2 Synaptics TouchPad as /devices/platform/i8042/serio1/input/input7
[   16.926931] psmouse serio1: Failed to enable mouse on isa0060/serio1
[   17.480536] IPv6: ADDRCONF(NETDEV_UP): wlp2s0: link is not ready
[   23.767511] IPv6: ADDRCONF(NETDEV_CHANGE): wlp2s0: link becomes ready
[   25.233590] mei_wdt mei::05b79a6f-4628-4d7f-899d-a91514cb32ab:02: Could not register event ret=-22
[   25.234117] mei_wdt: probe of mei::05b79a6f-4628-4d7f-899d-a91514cb32ab:02 failed with error -22
[   27.471380] brcmfmac: brcmf_inetaddr_changed: fail to get arp ip table err:-23
