[    0.000000] Linux version 4.8.11-1-ARCH (builduser@tobias) (gcc version 6.2.1 20160830 (GCC) ) #1 SMP PREEMPT Sun Nov 27 09:26:14 CET 2016
[    0.000000] Command line: initrd=\intel-ucode.img initrd=\initramfs-linux.img cryptdevice=UUID=2c3a8aa5-12e3-462f-9093-018add5a417e:vg0 root=/dev/mapper/vg0-root resume=/dev/mapper/vg0-swap rw
[    0.000000] x86/fpu: Supporting XSAVE feature 0x001: 'x87 floating point registers'
[    0.000000] x86/fpu: Supporting XSAVE feature 0x002: 'SSE registers'
[    0.000000] x86/fpu: Supporting XSAVE feature 0x004: 'AVX registers'
[    0.000000] x86/fpu: Supporting XSAVE feature 0x008: 'MPX bounds registers'
[    0.000000] x86/fpu: Supporting XSAVE feature 0x010: 'MPX CSR'
[    0.000000] x86/fpu: xstate_offset[2]:  576, xstate_sizes[2]:  256
[    0.000000] x86/fpu: xstate_offset[3]:  832, xstate_sizes[3]:   64
[    0.000000] x86/fpu: xstate_offset[4]:  896, xstate_sizes[4]:   64
[    0.000000] x86/fpu: Enabled xstate features 0x1f, context size is 960 bytes, using 'compacted' format.
[    0.000000] x86/fpu: Using 'eager' FPU context switches.
[    0.000000] e820: BIOS-provided physical RAM map:
[    0.000000] BIOS-e820: [mem 0x0000000000000000-0x0000000000000fff] reserved
[    0.000000] BIOS-e820: [mem 0x0000000000001000-0x0000000000057fff] usable
[    0.000000] BIOS-e820: [mem 0x0000000000058000-0x0000000000058fff] reserved
[    0.000000] BIOS-e820: [mem 0x0000000000059000-0x000000000009cfff] usable
[    0.000000] BIOS-e820: [mem 0x000000000009d000-0x000000000009ffff] reserved
[    0.000000] BIOS-e820: [mem 0x0000000000100000-0x000000002761dfff] usable
[    0.000000] BIOS-e820: [mem 0x000000002761e000-0x000000002764ffff] ACPI data
[    0.000000] BIOS-e820: [mem 0x0000000027650000-0x0000000029097fff] usable
[    0.000000] BIOS-e820: [mem 0x0000000029098000-0x0000000029098fff] ACPI NVS
[    0.000000] BIOS-e820: [mem 0x0000000029099000-0x00000000290e2fff] reserved
[    0.000000] BIOS-e820: [mem 0x00000000290e3000-0x0000000029139fff] usable
[    0.000000] BIOS-e820: [mem 0x000000002913a000-0x000000002992afff] reserved
[    0.000000] BIOS-e820: [mem 0x000000002992b000-0x0000000037363fff] usable
[    0.000000] BIOS-e820: [mem 0x0000000037364000-0x0000000037656fff] reserved
[    0.000000] BIOS-e820: [mem 0x0000000037657000-0x0000000037678fff] ACPI data
[    0.000000] BIOS-e820: [mem 0x0000000037679000-0x0000000037ccdfff] usable
[    0.000000] BIOS-e820: [mem 0x0000000037cce000-0x000000003801ffff] ACPI NVS
[    0.000000] BIOS-e820: [mem 0x0000000038020000-0x000000003a4fefff] reserved
[    0.000000] BIOS-e820: [mem 0x000000003a4ff000-0x000000003a4fffff] usable
[    0.000000] BIOS-e820: [mem 0x000000003a500000-0x000000003a5fffff] reserved
[    0.000000] BIOS-e820: [mem 0x00000000e0000000-0x00000000efffffff] reserved
[    0.000000] BIOS-e820: [mem 0x00000000fe000000-0x00000000fe010fff] reserved
[    0.000000] BIOS-e820: [mem 0x00000000fec00000-0x00000000fec00fff] reserved
[    0.000000] BIOS-e820: [mem 0x00000000fee00000-0x00000000fee00fff] reserved
[    0.000000] BIOS-e820: [mem 0x00000000ff000000-0x00000000ffffffff] reserved
[    0.000000] BIOS-e820: [mem 0x0000000100000000-0x00000002bdffffff] usable
[    0.000000] NX (Execute Disable) protection: active
[    0.000000] e820: update [mem 0x25842018-0x2585b657] usable ==> usable
[    0.000000] e820: update [mem 0x25831018-0x25841057] usable ==> usable
[    0.000000] extended physical RAM map:
[    0.000000] reserve setup_data: [mem 0x0000000000000000-0x0000000000000fff] reserved
[    0.000000] reserve setup_data: [mem 0x0000000000001000-0x0000000000057fff] usable
[    0.000000] reserve setup_data: [mem 0x0000000000058000-0x0000000000058fff] reserved
[    0.000000] reserve setup_data: [mem 0x0000000000059000-0x000000000009cfff] usable
[    0.000000] reserve setup_data: [mem 0x000000000009d000-0x000000000009ffff] reserved
[    0.000000] reserve setup_data: [mem 0x0000000000100000-0x0000000025831017] usable
[    0.000000] reserve setup_data: [mem 0x0000000025831018-0x0000000025841057] usable
[    0.000000] reserve setup_data: [mem 0x0000000025841058-0x0000000025842017] usable
[    0.000000] reserve setup_data: [mem 0x0000000025842018-0x000000002585b657] usable
[    0.000000] reserve setup_data: [mem 0x000000002585b658-0x000000002761dfff] usable
[    0.000000] reserve setup_data: [mem 0x000000002761e000-0x000000002764ffff] ACPI data
[    0.000000] reserve setup_data: [mem 0x0000000027650000-0x0000000029097fff] usable
[    0.000000] reserve setup_data: [mem 0x0000000029098000-0x0000000029098fff] ACPI NVS
[    0.000000] reserve setup_data: [mem 0x0000000029099000-0x00000000290e2fff] reserved
[    0.000000] reserve setup_data: [mem 0x00000000290e3000-0x0000000029139fff] usable
[    0.000000] reserve setup_data: [mem 0x000000002913a000-0x000000002992afff] reserved
[    0.000000] reserve setup_data: [mem 0x000000002992b000-0x0000000037363fff] usable
[    0.000000] reserve setup_data: [mem 0x0000000037364000-0x0000000037656fff] reserved
[    0.000000] reserve setup_data: [mem 0x0000000037657000-0x0000000037678fff] ACPI data
[    0.000000] reserve setup_data: [mem 0x0000000037679000-0x0000000037ccdfff] usable
[    0.000000] reserve setup_data: [mem 0x0000000037cce000-0x000000003801ffff] ACPI NVS
[    0.000000] reserve setup_data: [mem 0x0000000038020000-0x000000003a4fefff] reserved
[    0.000000] reserve setup_data: [mem 0x000000003a4ff000-0x000000003a4fffff] usable
[    0.000000] reserve setup_data: [mem 0x000000003a500000-0x000000003a5fffff] reserved
[    0.000000] reserve setup_data: [mem 0x00000000e0000000-0x00000000efffffff] reserved
[    0.000000] reserve setup_data: [mem 0x00000000fe000000-0x00000000fe010fff] reserved
[    0.000000] reserve setup_data: [mem 0x00000000fec00000-0x00000000fec00fff] reserved
[    0.000000] reserve setup_data: [mem 0x00000000fee00000-0x00000000fee00fff] reserved
[    0.000000] reserve setup_data: [mem 0x00000000ff000000-0x00000000ffffffff] reserved
[    0.000000] reserve setup_data: [mem 0x0000000100000000-0x00000002bdffffff] usable
[    0.000000] efi: EFI v2.40 by American Megatrends
[    0.000000] efi:  ACPI=0x2761e000  ACPI 2.0=0x2761e000  SMBIOS=0xf0000  ESRT=0x3a25e598 
[    0.000000] esrt: Reserving ESRT space from 0x000000003a25e598 to 0x000000003a25e5d0.
[    0.000000] SMBIOS 2.8 present.
[    0.000000] DMI: Dell Inc. XPS 15 9550/0N7TVV, BIOS 1.2.14 08/31/2016
[    0.000000] e820: update [mem 0x00000000-0x00000fff] usable ==> reserved
[    0.000000] e820: remove [mem 0x000a0000-0x000fffff] usable
[    0.000000] e820: last_pfn = 0x2be000 max_arch_pfn = 0x400000000
[    0.000000] MTRR default type: write-back
[    0.000000] MTRR fixed ranges enabled:
[    0.000000]   00000-9FFFF write-back
[    0.000000]   A0000-BFFFF uncachable
[    0.000000]   C0000-FFFFF write-protect
[    0.000000] MTRR variable ranges enabled:
[    0.000000]   0 base 0080000000 mask 7F80000000 uncachable
[    0.000000]   1 base 0040000000 mask 7FC0000000 uncachable
[    0.000000]   2 base 003C000000 mask 7FFC000000 uncachable
[    0.000000]   3 base 003B800000 mask 7FFF800000 uncachable
[    0.000000]   4 disabled
[    0.000000]   5 disabled
[    0.000000]   6 disabled
[    0.000000]   7 disabled
[    0.000000]   8 disabled
[    0.000000]   9 disabled
[    0.000000] x86/PAT: Configuration [0-7]: WB  WC  UC- UC  WB  WC  UC- WT  
[    0.000000] e820: last_pfn = 0x3a500 max_arch_pfn = 0x400000000
[    0.000000] Scanning 1 areas for low memory corruption
[    0.000000] Base memory trampoline at [ffff880000097000] 97000 size 24576
[    0.000000] Using GB pages for direct mapping
[    0.000000] BRK [0x01d4d000, 0x01d4dfff] PGTABLE
[    0.000000] BRK [0x01d4e000, 0x01d4efff] PGTABLE
[    0.000000] BRK [0x01d4f000, 0x01d4ffff] PGTABLE
[    0.000000] BRK [0x01d50000, 0x01d50fff] PGTABLE
[    0.000000] BRK [0x01d51000, 0x01d51fff] PGTABLE
[    0.000000] BRK [0x01d52000, 0x01d52fff] PGTABLE
[    0.000000] RAMDISK: [mem 0x2585c000-0x26586fff]
[    0.000000] ACPI: Early table checksum verification disabled
[    0.000000] ACPI: RSDP 0x000000002761E000 000024 (v02 DELL  )
[    0.000000] ACPI: XSDT 0x000000002761E0C8 00010C (v01 DELL   CBX3     01072009 AMI  00010013)
[    0.000000] ACPI: FACP 0x000000002763EFF0 00010C (v05 DELL   CBX3     01072009 AMI  00010013)
[    0.000000] ACPI: DSDT 0x000000002761E260 020D8C (v02 DELL   CBX3     01072009 INTL 20120913)
[    0.000000] ACPI: FACS 0x000000003801FF80 000040
[    0.000000] ACPI: APIC 0x000000002763F100 0000BC (v03 DELL   CBX3     01072009 AMI  00010013)
[    0.000000] ACPI: FPDT 0x000000002763F1C0 000044 (v01 DELL   CBX3     01072009 AMI  00010013)
[    0.000000] ACPI: FIDT 0x000000002763F208 00009C (v01 DELL   CBX3     01072009 AMI  00010013)
[    0.000000] ACPI: MCFG 0x000000002763F2A8 00003C (v01 DELL   CBX3     01072009 MSFT 00000097)
[    0.000000] ACPI: HPET 0x000000002763F2E8 000038 (v01 DELL   CBX3     01072009 AMI. 0005000B)
[    0.000000] ACPI: SSDT 0x000000002763F320 00046D (v01 SataRe SataTabl 00001000 INTL 20120913)
[    0.000000] ACPI: LPIT 0x000000002763F790 000094 (v01 INTEL  SKL      00000000 MSFT 0000005F)
[    0.000000] ACPI: SSDT 0x000000002763F828 000248 (v02 INTEL  sensrhub 00000000 INTL 20120913)
[    0.000000] ACPI: SSDT 0x000000002763FA70 002BAE (v02 INTEL  PtidDevc 00001000 INTL 20120913)
[    0.000000] ACPI: SSDT 0x0000000027642620 000024 (v02 INTEL  OEM_RTD3 00001000 INTL 20120913)
[    0.000000] ACPI: SSDT 0x0000000027642648 000BE3 (v02 INTEL  Ther_Rvp 00001000 INTL 20120913)
[    0.000000] ACPI: SSDT 0x0000000027643230 0004DC (v02 INTEL  zpodd    00001000 INTL 20120913)
[    0.000000] ACPI: DBGP 0x0000000027643710 000034 (v01 INTEL           00000000 MSFT 0000005F)
[    0.000000] ACPI: DBG2 0x0000000027643748 000054 (v00 INTEL           00000000 MSFT 0000005F)
[    0.000000] ACPI: SSDT 0x00000000276437A0 000775 (v02 INTEL  xh_rvp10 00000000 INTL 20120913)
[    0.000000] ACPI: BOOT 0x0000000027643F18 000028 (v01 DELL   CBX3     01072009 AMI  00010013)
[    0.000000] ACPI: SSDT 0x0000000027643F40 0037D6 (v02 SaSsdt SaSsdt   00003000 INTL 20120913)
[    0.000000] ACPI: UEFI 0x0000000027647718 000042 (v01                 00000000      00000000)
[    0.000000] ACPI: SSDT 0x0000000027647760 000E73 (v02 CpuRef CpuSsdt  00003000 INTL 20120913)
[    0.000000] ACPI: MSDM 0x00000000276485D8 000055 (v03 DELL   CBX3     06222004 AMI  00010013)
[    0.000000] ACPI: SSDT 0x0000000027648630 0044FA (v02 DptfTa DptfTabl 00001000 INTL 20120913)
[    0.000000] ACPI: SLIC 0x000000002764CB30 000176 (v03 DELL   CBX3     01072009 MSFT 00010013)
[    0.000000] ACPI: TCPA 0x000000002764CCA8 000032 (v02 ALASKA NAPAASF  00000001 MSFT 01000013)
[    0.000000] ACPI: BGRT 0x000000002764CCE0 000038 (v00 ??p;            01072009 AMI  00010013)
[    0.000000] ACPI: SSDT 0x000000002764CD18 0000C3 (v02 SgRef  SgPeg    00001000 INTL 20120913)
[    0.000000] ACPI: DMAR 0x000000002764CDE0 0000F0 (v01 INTEL  SKL      00000001 INTL 00000001)
[    0.000000] ACPI: SSDT 0x000000002764CED0 001868 (v01 OptRef OptTabl  00001000 INTL 20120913)
[    0.000000] ACPI: ASF! 0x000000002764E738 0000A5 (v32 INTEL   HCG     00000001 TFSM 000F4240)
[    0.000000] ACPI: Local APIC address 0xfee00000
[    0.000000] No NUMA configuration found
[    0.000000] Faking a node at [mem 0x0000000000000000-0x00000002bdffffff]
[    0.000000] NODE_DATA(0) allocated [mem 0x2bdff6000-0x2bdffafff]
[    0.000000] Zone ranges:
[    0.000000]   DMA      [mem 0x0000000000001000-0x0000000000ffffff]
[    0.000000]   DMA32    [mem 0x0000000001000000-0x00000000ffffffff]
[    0.000000]   Normal   [mem 0x0000000100000000-0x00000002bdffffff]
[    0.000000]   Device   empty
[    0.000000] Movable zone start for each node
[    0.000000] Early memory node ranges
[    0.000000]   node   0: [mem 0x0000000000001000-0x0000000000057fff]
[    0.000000]   node   0: [mem 0x0000000000059000-0x000000000009cfff]
[    0.000000]   node   0: [mem 0x0000000000100000-0x000000002761dfff]
[    0.000000]   node   0: [mem 0x0000000027650000-0x0000000029097fff]
[    0.000000]   node   0: [mem 0x00000000290e3000-0x0000000029139fff]
[    0.000000]   node   0: [mem 0x000000002992b000-0x0000000037363fff]
[    0.000000]   node   0: [mem 0x0000000037679000-0x0000000037ccdfff]
[    0.000000]   node   0: [mem 0x000000003a4ff000-0x000000003a4fffff]
[    0.000000]   node   0: [mem 0x0000000100000000-0x00000002bdffffff]
[    0.000000] Initmem setup node 0 [mem 0x0000000000001000-0x00000002bdffffff]
[    0.000000] On node 0 totalpages: 2052327
[    0.000000]   DMA zone: 64 pages used for memmap
[    0.000000]   DMA zone: 21 pages reserved
[    0.000000]   DMA zone: 3995 pages, LIFO batch:0
[    0.000000]   DMA32 zone: 3462 pages used for memmap
[    0.000000]   DMA32 zone: 221516 pages, LIFO batch:31
[    0.000000]   Normal zone: 28544 pages used for memmap
[    0.000000]   Normal zone: 1826816 pages, LIFO batch:31
[    0.000000] Reserving Intel graphics memory at 0x000000003c000000-0x000000003fffffff
[    0.000000] ACPI: PM-Timer IO Port: 0x1808
[    0.000000] ACPI: Local APIC address 0xfee00000
[    0.000000] ACPI: LAPIC_NMI (acpi_id[0x01] high edge lint[0x1])
[    0.000000] ACPI: LAPIC_NMI (acpi_id[0x02] high edge lint[0x1])
[    0.000000] ACPI: LAPIC_NMI (acpi_id[0x03] high edge lint[0x1])
[    0.000000] ACPI: LAPIC_NMI (acpi_id[0x04] high edge lint[0x1])
[    0.000000] ACPI: LAPIC_NMI (acpi_id[0x05] high edge lint[0x1])
[    0.000000] ACPI: LAPIC_NMI (acpi_id[0x06] high edge lint[0x1])
[    0.000000] ACPI: LAPIC_NMI (acpi_id[0x07] high edge lint[0x1])
[    0.000000] ACPI: LAPIC_NMI (acpi_id[0x08] high edge lint[0x1])
[    0.000000] IOAPIC[0]: apic_id 2, version 32, address 0xfec00000, GSI 0-119
[    0.000000] ACPI: INT_SRC_OVR (bus 0 bus_irq 0 global_irq 2 dfl dfl)
[    0.000000] ACPI: INT_SRC_OVR (bus 0 bus_irq 9 global_irq 9 high level)
[    0.000000] ACPI: IRQ0 used by override.
[    0.000000] ACPI: IRQ9 used by override.
[    0.000000] Using ACPI (MADT) for SMP configuration information
[    0.000000] ACPI: HPET id: 0x8086a701 base: 0xfed00000
[    0.000000] smpboot: Allowing 8 CPUs, 0 hotplug CPUs
[    0.000000] PM: Registered nosave memory: [mem 0x00000000-0x00000fff]
[    0.000000] PM: Registered nosave memory: [mem 0x00058000-0x00058fff]
[    0.000000] PM: Registered nosave memory: [mem 0x0009d000-0x0009ffff]
[    0.000000] PM: Registered nosave memory: [mem 0x000a0000-0x000fffff]
[    0.000000] PM: Registered nosave memory: [mem 0x25831000-0x25831fff]
[    0.000000] PM: Registered nosave memory: [mem 0x25841000-0x25841fff]
[    0.000000] PM: Registered nosave memory: [mem 0x25842000-0x25842fff]
[    0.000000] PM: Registered nosave memory: [mem 0x2585b000-0x2585bfff]
[    0.000000] PM: Registered nosave memory: [mem 0x2761e000-0x2764ffff]
[    0.000000] PM: Registered nosave memory: [mem 0x29098000-0x29098fff]
[    0.000000] PM: Registered nosave memory: [mem 0x29099000-0x290e2fff]
[    0.000000] PM: Registered nosave memory: [mem 0x2913a000-0x2992afff]
[    0.000000] PM: Registered nosave memory: [mem 0x37364000-0x37656fff]
[    0.000000] PM: Registered nosave memory: [mem 0x37657000-0x37678fff]
[    0.000000] PM: Registered nosave memory: [mem 0x37cce000-0x3801ffff]
[    0.000000] PM: Registered nosave memory: [mem 0x38020000-0x3a4fefff]
[    0.000000] PM: Registered nosave memory: [mem 0x3a500000-0x3a5fffff]
[    0.000000] PM: Registered nosave memory: [mem 0x3a600000-0x3bffffff]
[    0.000000] PM: Registered nosave memory: [mem 0x3c000000-0x3fffffff]
[    0.000000] PM: Registered nosave memory: [mem 0x40000000-0xdfffffff]
[    0.000000] PM: Registered nosave memory: [mem 0xe0000000-0xefffffff]
[    0.000000] PM: Registered nosave memory: [mem 0xf0000000-0xfdffffff]
[    0.000000] PM: Registered nosave memory: [mem 0xfe000000-0xfe010fff]
[    0.000000] PM: Registered nosave memory: [mem 0xfe011000-0xfebfffff]
[    0.000000] PM: Registered nosave memory: [mem 0xfec00000-0xfec00fff]
[    0.000000] PM: Registered nosave memory: [mem 0xfec01000-0xfedfffff]
[    0.000000] PM: Registered nosave memory: [mem 0xfee00000-0xfee00fff]
[    0.000000] PM: Registered nosave memory: [mem 0xfee01000-0xfeffffff]
[    0.000000] PM: Registered nosave memory: [mem 0xff000000-0xffffffff]
[    0.000000] e820: [mem 0x40000000-0xdfffffff] available for PCI devices
[    0.000000] Booting paravirtualized kernel on bare hardware
[    0.000000] clocksource: refined-jiffies: mask: 0xffffffff max_cycles: 0xffffffff, max_idle_ns: 6370452778343963 ns
[    0.000000] setup_percpu: NR_CPUS:128 nr_cpumask_bits:128 nr_cpu_ids:8 nr_node_ids:1
[    0.000000] percpu: Embedded 35 pages/cpu @ffff8802bdc00000 s103128 r8192 d32040 u262144
[    0.000000] pcpu-alloc: s103128 r8192 d32040 u262144 alloc=1*2097152
[    0.000000] pcpu-alloc: [0] 0 1 2 3 4 5 6 7 
[    0.000000] Built 1 zonelists in Node order, mobility grouping on.  Total pages: 2020236
[    0.000000] Policy zone: Normal
[    0.000000] Kernel command line: initrd=\intel-ucode.img initrd=\initramfs-linux.img cryptdevice=UUID=2c3a8aa5-12e3-462f-9093-018add5a417e:vg0 root=/dev/mapper/vg0-root resume=/dev/mapper/vg0-swap rw
[    0.000000] PID hash table entries: 4096 (order: 3, 32768 bytes)
[    0.000000] Calgary: detecting Calgary via BIOS EBDA area
[    0.000000] Calgary: Unable to locate Rio Grande table in EBDA - bailing!
[    0.000000] Memory: 7734196K/8209308K available (6131K kernel code, 1051K rwdata, 1912K rodata, 1256K init, 1036K bss, 475112K reserved, 0K cma-reserved)
[    0.000000] SLUB: HWalign=64, Order=0-3, MinObjects=0, CPUs=8, Nodes=1
[    0.000000] Preemptible hierarchical RCU implementation.
[    0.000000] 	Build-time adjustment of leaf fanout to 64.
[    0.000000] 	RCU restricting CPUs from NR_CPUS=128 to nr_cpu_ids=8.
[    0.000000] RCU: Adjusting geometry for rcu_fanout_leaf=64, nr_cpu_ids=8
[    0.000000] NR_IRQS:8448 nr_irqs:2048 16
[    0.000000] spurious 8259A interrupt: IRQ7.
[    0.000000] Console: colour dummy device 80x25
[    0.000000] console [tty0] enabled
[    0.000000] clocksource: hpet: mask: 0xffffffff max_cycles: 0xffffffff, max_idle_ns: 79635855245 ns
[    0.000000] hpet clockevent registered
[    0.000000] tsc: Detected 2600.000 MHz processor
[    0.000021] Calibrating delay loop (skipped), value calculated using timer frequency.. 5186.00 BogoMIPS (lpj=8640000)
[    0.000023] pid_max: default: 32768 minimum: 301
[    0.000032] ACPI: Core revision 20160422
[    0.031666] ACPI Error: [\_SB_.PCI0.XHC_.RHUB.HS11] Namespace lookup failure, AE_NOT_FOUND (20160422/dswload-210)
[    0.031670] ACPI Exception: AE_NOT_FOUND, During name lookup/catalog (20160422/psobject-227)
[    0.031708] ACPI Exception: AE_NOT_FOUND, (SSDT:xh_rvp10) while loading table (20160422/tbxfload-227)
[    0.044313] ACPI Error: 1 table load failures, 12 successful (20160422/tbxfload-247)
[    0.045069] Security Framework initialized
[    0.045070] Yama: becoming mindful.
[    0.045417] Dentry cache hash table entries: 1048576 (order: 11, 8388608 bytes)
[    0.046815] Inode-cache hash table entries: 524288 (order: 10, 4194304 bytes)
[    0.047412] Mount-cache hash table entries: 16384 (order: 5, 131072 bytes)
[    0.047419] Mountpoint-cache hash table entries: 16384 (order: 5, 131072 bytes)
[    0.047616] CPU: Physical Processor ID: 0
[    0.047616] CPU: Processor Core ID: 0
[    0.047620] ENERGY_PERF_BIAS: Set to 'normal', was 'performance'
[    0.047620] ENERGY_PERF_BIAS: View and update with x86_energy_perf_policy(8)
[    0.047624] mce: CPU supports 10 MCE banks
[    0.047632] CPU0: Thermal monitoring enabled (TM1)
[    0.047651] process: using mwait in idle threads
[    0.047653] Last level iTLB entries: 4KB 64, 2MB 8, 4MB 8
[    0.047654] Last level dTLB entries: 4KB 64, 2MB 0, 4MB 0, 1GB 4
[    0.047976] Freeing SMP alternatives memory: 24K (ffffffff81c42000 - ffffffff81c48000)
[    0.059564] ftrace: allocating 24335 entries in 96 pages
[    0.069497] smpboot: APIC(0) Converting physical 0 to logical package 0
[    0.069498] smpboot: Max logical packages: 2
[    0.069500] DMAR: Host address width 39
[    0.069501] DMAR: DRHD base: 0x000000fed90000 flags: 0x0
[    0.069507] DMAR: dmar0: reg_base_addr fed90000 ver 1:0 cap 1c0000c40660462 ecap 7e3ff0505e
[    0.069508] DMAR: DRHD base: 0x000000fed91000 flags: 0x1
[    0.069512] DMAR: dmar1: reg_base_addr fed91000 ver 1:0 cap d2008c40660462 ecap f050da
[    0.069513] DMAR: RMRR base: 0x000000373c1000 end: 0x000000373e0fff
[    0.069514] DMAR: RMRR base: 0x0000003b800000 end: 0x0000003fffffff
[    0.069515] DMAR: ANDD device: 1 name: \_SB.PCI0.I2C0
[    0.069515] DMAR: ANDD device: 2 name: \_SB.PCI0.I2C1
[    0.069517] DMAR-IR: IOAPIC id 2 under DRHD base  0xfed91000 IOMMU 1
[    0.069517] DMAR-IR: HPET id 0 under DRHD base 0xfed91000
[    0.069518] DMAR-IR: x2apic is disabled because BIOS sets x2apic opt out bit.
[    0.069519] DMAR-IR: Use 'intremap=no_x2apic_optout' to override the BIOS setting.
[    0.069694] DMAR: DRHD: handling fault status reg 2
[    0.069700] DMAR: [INTR-REMAP] Request device [f0:1f.0] fault index 1840 [fault reason 37] Blocked a compatibility format interrupt request
[    0.070975] DMAR-IR: Enabled IRQ remapping in xapic mode
[    0.070976] x2apic: IRQ remapping doesn't support X2APIC mode
[    0.074973] ..TIMER: vector=0x30 apic1=0 pin1=2 apic2=-1 pin2=-1
[    0.107993] TSC deadline timer enabled
[    0.107998] smpboot: CPU0: Intel(R) Core(TM) i7-6700HQ CPU @ 2.60GHz (family: 0x6, model: 0x5e, stepping: 0x3)
[    0.108001] Performance Events: PEBS fmt3+, Skylake events, 32-deep LBR, full-width counters, Intel PMU driver.
[    0.108027] ... version:                4
[    0.108028] ... bit width:              48
[    0.108028] ... generic registers:      4
[    0.108029] ... value mask:             0000ffffffffffff
[    0.108029] ... max period:             0000ffffffffffff
[    0.108030] ... fixed-purpose events:   3
[    0.108030] ... event mask:             000000070000000f
[    0.131487] NMI watchdog: enabled on all CPUs, permanently consumes one hw-PMU counter.
[    0.148094] x86: Booting SMP configuration:
[    0.148095] .... node  #0, CPUs:      #1 #2 #3 #4 #5 #6 #7
[    0.813743] x86: Booted up 1 node, 8 CPUs
[    0.813745] smpboot: Total of 8 processors activated (41497.70 BogoMIPS)
[    0.820808] devtmpfs: initialized
[    0.820855] x86/mm: Memory block size: 128MB
[    0.822814] PM: Registering ACPI NVS region [mem 0x29098000-0x29098fff] (4096 bytes)
[    0.822815] PM: Registering ACPI NVS region [mem 0x37cce000-0x3801ffff] (3481600 bytes)
[    0.822896] clocksource: jiffies: mask: 0xffffffff max_cycles: 0xffffffff, max_idle_ns: 6370867519511994 ns
[    0.822934] pinctrl core: initialized pinctrl subsystem
[    0.823050] RTC time:  7:39:40, date: 12/05/16
[    0.823118] NET: Registered protocol family 16
[    0.837196] cpuidle: using governor ladder
[    0.860549] cpuidle: using governor menu
[    0.860622] Simple Boot Flag at 0x47 set to 0x80
[    0.860636] ACPI FADT declares the system doesn't support PCIe ASPM, so disable it
[    0.860636] ACPI: bus type PCI registered
[    0.860637] acpiphp: ACPI Hot Plug PCI Controller Driver version: 0.5
[    0.860698] PCI: MMCONFIG for domain 0000 [bus 00-ff] at [mem 0xe0000000-0xefffffff] (base 0xe0000000)
[    0.860700] PCI: MMCONFIG at [mem 0xe0000000-0xefffffff] reserved in E820
[    0.860707] PCI: Using configuration type 1 for base access
[    0.860713] dmi type 0xB1 record - unknown flag
[    0.873986] HugeTLB registered 1 GB page size, pre-allocated 0 pages
[    0.873987] HugeTLB registered 2 MB page size, pre-allocated 0 pages
[    0.874149] ACPI: Added _OSI(Module Device)
[    0.874150] ACPI: Added _OSI(Processor Device)
[    0.874151] ACPI: Added _OSI(3.0 _SCP Extensions)
[    0.874151] ACPI: Added _OSI(Processor Aggregator Device)
[    0.875138] ACPI: Executed 22 blocks of module-level executable AML code
[    0.885313] ACPI: [Firmware Bug]: BIOS _OSI(Linux) query ignored
[    0.898355] ACPI: Dynamic OEM Table Load:
[    0.898364] ACPI: SSDT 0xFFFF8802B3B6A800 0005DC (v02 PmRef  Cpu0Ist  00003000 INTL 20120913)
[    0.899250] ACPI: \_PR_.CPU0: _OSC native thermal LVT Acked
[    0.900415] ACPI: Dynamic OEM Table Load:
[    0.900420] ACPI: SSDT 0xFFFF8802B3B64800 00037F (v02 PmRef  Cpu0Cst  00003001 INTL 20120913)
[    0.901916] ACPI: Dynamic OEM Table Load:
[    0.901921] ACPI: SSDT 0xFFFF8802B3B68000 0005AA (v02 PmRef  ApIst    00003000 INTL 20120913)
[    0.903058] ACPI: Dynamic OEM Table Load:
[    0.903062] ACPI: SSDT 0xFFFF8802B345AC00 000119 (v02 PmRef  ApCst    00003000 INTL 20120913)
[    0.907965] ACPI : EC: EC started
[    0.959934] ACPI: Interpreter enabled
[    0.959973] ACPI: (supports S0 S3 S4 S5)
[    0.959973] ACPI: Using IOAPIC for interrupt routing
[    0.960006] PCI: Using host bridge windows from ACPI; if necessary, use "pci=nocrs" and report a bug
[    0.961413] ACPI: Power Resource [PG00] (on)
[    1.005595] ACPI: Power Resource [PG01] (on)
[    1.005962] ACPI: Power Resource [PG02] (on)
[    1.008631] ACPI: Power Resource [WRST] (off)
[    1.008974] ACPI: Power Resource [WRST] (off)
[    1.009318] ACPI: Power Resource [WRST] (off)
[    1.009658] ACPI: Power Resource [WRST] (off)
[    1.010002] ACPI: Power Resource [WRST] (off)
[    1.010360] ACPI: Power Resource [WRST] (off)
[    1.010705] ACPI: Power Resource [WRST] (off)
[    1.011042] ACPI: Power Resource [WRST] (off)
[    1.011379] ACPI: Power Resource [WRST] (off)
[    1.011715] ACPI: Power Resource [WRST] (off)
[    1.012057] ACPI: Power Resource [WRST] (off)
[    1.012393] ACPI: Power Resource [WRST] (off)
[    1.012730] ACPI: Power Resource [WRST] (off)
[    1.013071] ACPI: Power Resource [WRST] (off)
[    1.013415] ACPI: Power Resource [WRST] (off)
[    1.013753] ACPI: Power Resource [WRST] (off)
[    1.014093] ACPI: Power Resource [WRST] (off)
[    1.014430] ACPI: Power Resource [WRST] (off)
[    1.014772] ACPI: Power Resource [WRST] (off)
[    1.015109] ACPI: Power Resource [WRST] (off)
[    1.031923] ACPI: Power Resource [FN00] (off)
[    1.032000] ACPI: Power Resource [FN01] (off)
[    1.032075] ACPI: Power Resource [FN02] (off)
[    1.032149] ACPI: Power Resource [FN03] (off)
[    1.032223] ACPI: Power Resource [FN04] (off)
[    1.033241] ACPI: PCI Root Bridge [PCI0] (domain 0000 [bus 00-fe])
[    1.033245] acpi PNP0A08:00: _OSC: OS supports [ExtendedConfig ASPM ClockPM Segments MSI]
[    1.033274] acpi PNP0A08:00: _OSC failed (AE_ERROR); disabling ASPM
[    1.033775] PCI host bridge to bus 0000:00
[    1.033777] pci_bus 0000:00: root bus resource [io  0x0000-0x0cf7 window]
[    1.033778] pci_bus 0000:00: root bus resource [io  0x0d00-0xffff window]
[    1.033779] pci_bus 0000:00: root bus resource [mem 0x000a0000-0x000bffff window]
[    1.033780] pci_bus 0000:00: root bus resource [mem 0x000c0000-0x000c3fff window]
[    1.033781] pci_bus 0000:00: root bus resource [mem 0x000c4000-0x000c7fff window]
[    1.033782] pci_bus 0000:00: root bus resource [mem 0x000c8000-0x000cbfff window]
[    1.033782] pci_bus 0000:00: root bus resource [mem 0x000cc000-0x000cffff window]
[    1.033783] pci_bus 0000:00: root bus resource [mem 0x000d0000-0x000d3fff window]
[    1.033784] pci_bus 0000:00: root bus resource [mem 0x000d4000-0x000d7fff window]
[    1.033785] pci_bus 0000:00: root bus resource [mem 0x000d8000-0x000dbfff window]
[    1.033786] pci_bus 0000:00: root bus resource [mem 0x000dc000-0x000dffff window]
[    1.033786] pci_bus 0000:00: root bus resource [mem 0x000e4000-0x000e7fff window]
[    1.033787] pci_bus 0000:00: root bus resource [mem 0x000e8000-0x000ebfff window]
[    1.033788] pci_bus 0000:00: root bus resource [mem 0x000ec000-0x000effff window]
[    1.033789] pci_bus 0000:00: root bus resource [mem 0x40000000-0xdfffffff window]
[    1.033790] pci_bus 0000:00: root bus resource [mem 0xfd000000-0xfe7fffff window]
[    1.033791] pci_bus 0000:00: root bus resource [bus 00-fe]
[    1.033797] pci 0000:00:00.0: [8086:1910] type 00 class 0x060000
[    1.033909] pci 0000:00:01.0: [8086:1901] type 01 class 0x060400
[    1.033944] pci 0000:00:01.0: PME# supported from D0 D3hot D3cold
[    1.034051] pci 0000:00:01.0: System wakeup disabled by ACPI
[    1.034114] pci 0000:00:02.0: [8086:191b] type 00 class 0x030000
[    1.034121] pci 0000:00:02.0: reg 0x10: [mem 0xdb000000-0xdbffffff 64bit]
[    1.034126] pci 0000:00:02.0: reg 0x18: [mem 0x70000000-0x7fffffff 64bit pref]
[    1.034130] pci 0000:00:02.0: reg 0x20: [io  0xf000-0xf03f]
[    1.034254] pci 0000:00:04.0: [8086:1903] type 00 class 0x118000
[    1.034262] pci 0000:00:04.0: reg 0x10: [mem 0xdd120000-0xdd127fff 64bit]
[    1.034448] pci 0000:00:14.0: [8086:a12f] type 00 class 0x0c0330
[    1.034465] pci 0000:00:14.0: reg 0x10: [mem 0xdd110000-0xdd11ffff 64bit]
[    1.034529] pci 0000:00:14.0: PME# supported from D3hot D3cold
[    1.034626] pci 0000:00:14.0: System wakeup disabled by ACPI
[    1.034671] pci 0000:00:14.2: [8086:a131] type 00 class 0x118000
[    1.034687] pci 0000:00:14.2: reg 0x10: [mem 0xdd138000-0xdd138fff 64bit]
[    1.034930] pci 0000:00:15.0: [8086:a160] type 00 class 0x118000
[    1.035113] pci 0000:00:15.0: reg 0x10: [mem 0xdd137000-0xdd137fff 64bit]
[    1.036008] pci 0000:00:15.1: [8086:a161] type 00 class 0x118000
[    1.036191] pci 0000:00:15.1: reg 0x10: [mem 0xdd136000-0xdd136fff 64bit]
[    1.037040] pci 0000:00:16.0: [8086:a13a] type 00 class 0x078000
[    1.037071] pci 0000:00:16.0: reg 0x10: [mem 0xdd135000-0xdd135fff 64bit]
[    1.037186] pci 0000:00:16.0: PME# supported from D3hot
[    1.037329] pci 0000:00:17.0: [8086:a103] type 00 class 0x010601
[    1.037343] pci 0000:00:17.0: reg 0x10: [mem 0xdd130000-0xdd131fff]
[    1.037351] pci 0000:00:17.0: reg 0x14: [mem 0xdd134000-0xdd1340ff]
[    1.037360] pci 0000:00:17.0: reg 0x18: [io  0xf090-0xf097]
[    1.037368] pci 0000:00:17.0: reg 0x1c: [io  0xf080-0xf083]
[    1.037376] pci 0000:00:17.0: reg 0x20: [io  0xf060-0xf07f]
[    1.037385] pci 0000:00:17.0: reg 0x24: [mem 0xdd133000-0xdd1337ff]
[    1.037427] pci 0000:00:17.0: PME# supported from D3hot
[    1.037564] pci 0000:00:1c.0: [8086:a110] type 01 class 0x060400
[    1.037628] pci 0000:00:1c.0: PME# supported from D0 D3hot D3cold
[    1.037733] pci 0000:00:1c.0: System wakeup disabled by ACPI
[    1.037773] pci 0000:00:1c.1: [8086:a111] type 01 class 0x060400
[    1.037837] pci 0000:00:1c.1: PME# supported from D0 D3hot D3cold
[    1.037938] pci 0000:00:1c.1: System wakeup disabled by ACPI
[    1.037998] pci 0000:00:1d.0: [8086:a118] type 01 class 0x060400
[    1.038063] pci 0000:00:1d.0: PME# supported from D0 D3hot D3cold
[    1.038166] pci 0000:00:1d.0: System wakeup disabled by ACPI
[    1.038216] pci 0000:00:1d.4: [8086:a11c] type 01 class 0x060400
[    1.038270] pci 0000:00:1d.4: PME# supported from D0 D3hot D3cold
[    1.038364] pci 0000:00:1d.4: System wakeup disabled by ACPI
[    1.038406] pci 0000:00:1d.6: [8086:a11e] type 01 class 0x060400
[    1.038465] pci 0000:00:1d.6: PME# supported from D0 D3hot D3cold
[    1.038564] pci 0000:00:1d.6: System wakeup disabled by ACPI
[    1.038612] pci 0000:00:1f.0: [8086:a14e] type 00 class 0x060100
[    1.038826] pci 0000:00:1f.2: [8086:a121] type 00 class 0x058000
[    1.038834] pci 0000:00:1f.2: reg 0x10: [mem 0xdd12c000-0xdd12ffff]
[    1.038988] pci 0000:00:1f.3: [8086:a170] type 00 class 0x040380
[    1.039008] pci 0000:00:1f.3: reg 0x10: [mem 0xdd128000-0xdd12bfff 64bit]
[    1.039031] pci 0000:00:1f.3: reg 0x20: [mem 0xdd100000-0xdd10ffff 64bit]
[    1.039079] pci 0000:00:1f.3: PME# supported from D3hot D3cold
[    1.039235] pci 0000:00:1f.3: System wakeup disabled by ACPI
[    1.039282] pci 0000:00:1f.4: [8086:a123] type 00 class 0x0c0500
[    1.039329] pci 0000:00:1f.4: reg 0x10: [mem 0xdd132000-0xdd1320ff 64bit]
[    1.039397] pci 0000:00:1f.4: reg 0x20: [io  0xf040-0xf05f]
[    1.039626] pci 0000:01:00.0: [10de:139b] type 00 class 0x030200
[    1.039636] pci 0000:01:00.0: reg 0x10: [mem 0xdc000000-0xdcffffff]
[    1.039645] pci 0000:01:00.0: reg 0x14: [mem 0xb0000000-0xbfffffff 64bit pref]
[    1.039653] pci 0000:01:00.0: reg 0x1c: [mem 0xc0000000-0xc1ffffff 64bit pref]
[    1.039659] pci 0000:01:00.0: reg 0x24: [io  0xe000-0xe07f]
[    1.039666] pci 0000:01:00.0: reg 0x30: [mem 0xdd000000-0xdd07ffff pref]
[    1.039755] pci 0000:01:00.0: System wakeup disabled by ACPI
[    1.046522] pci 0000:00:01.0: PCI bridge to [bus 01]
[    1.046524] pci 0000:00:01.0:   bridge window [io  0xe000-0xefff]
[    1.046526] pci 0000:00:01.0:   bridge window [mem 0xdc000000-0xdd0fffff]
[    1.046529] pci 0000:00:01.0:   bridge window [mem 0xb0000000-0xc1ffffff 64bit pref]
[    1.046629] pci 0000:02:00.0: [14e4:43ba] type 00 class 0x028000
[    1.046649] pci 0000:02:00.0: reg 0x10: [mem 0xdd800000-0xdd807fff 64bit]
[    1.046662] pci 0000:02:00.0: reg 0x18: [mem 0xdd400000-0xdd7fffff 64bit]
[    1.046764] pci 0000:02:00.0: supports D1 D2
[    1.046765] pci 0000:02:00.0: PME# supported from D0 D1 D2 D3hot D3cold
[    1.046853] pci 0000:02:00.0: System wakeup disabled by ACPI
[    1.056564] pci 0000:00:1c.0: PCI bridge to [bus 02]
[    1.056568] pci 0000:00:1c.0:   bridge window [mem 0xdd400000-0xdd8fffff]
[    1.056640] pci 0000:03:00.0: [10ec:525a] type 00 class 0xff0000
[    1.056665] pci 0000:03:00.0: reg 0x14: [mem 0xdda00000-0xdda00fff]
[    1.056768] pci 0000:03:00.0: supports D1 D2
[    1.056768] pci 0000:03:00.0: PME# supported from D1 D2 D3hot D3cold
[    1.056843] pci 0000:03:00.0: System wakeup disabled by ACPI
[    1.066556] pci 0000:00:1c.1: PCI bridge to [bus 03]
[    1.066558] pci 0000:00:1c.1:   bridge window [io  0xd000-0xdfff]
[    1.066560] pci 0000:00:1c.1:   bridge window [mem 0xdda00000-0xde3fffff]
[    1.066564] pci 0000:00:1c.1:   bridge window [mem 0xc2100000-0xc2afffff 64bit pref]
[    1.066886] pci 0000:04:00.0: [1179:010f] type 00 class 0x010802
[    1.066901] pci 0000:04:00.0: reg 0x10: [mem 0xde400000-0xde403fff 64bit]
[    1.067046] pci 0000:04:00.0: System wakeup disabled by ACPI
[    1.077289] pci 0000:00:1d.0: PCI bridge to [bus 04]
[    1.077293] pci 0000:00:1d.0:   bridge window [mem 0xde400000-0xde4fffff]
[    1.077337] pci 0000:00:1d.4: PCI bridge to [bus 05]
[    1.077381] pci 0000:00:1d.6: PCI bridge to [bus 06-3e]
[    1.077385] pci 0000:00:1d.6:   bridge window [mem 0xc4000000-0xda0fffff]
[    1.077389] pci 0000:00:1d.6:   bridge window [mem 0x80000000-0xa1ffffff 64bit pref]
[    1.079397] ACPI: PCI Interrupt Link [LNKA] (IRQs 3 4 5 6 10 *11 12 14 15)
[    1.079440] ACPI: PCI Interrupt Link [LNKB] (IRQs 3 4 5 6 *10 11 12 14 15)
[    1.079481] ACPI: PCI Interrupt Link [LNKC] (IRQs 3 4 5 6 10 *11 12 14 15)
[    1.079522] ACPI: PCI Interrupt Link [LNKD] (IRQs 3 4 5 6 10 *11 12 14 15)
[    1.079563] ACPI: PCI Interrupt Link [LNKE] (IRQs 3 4 5 6 10 *11 12 14 15)
[    1.079603] ACPI: PCI Interrupt Link [LNKF] (IRQs 3 4 5 6 10 *11 12 14 15)
[    1.079643] ACPI: PCI Interrupt Link [LNKG] (IRQs 3 4 5 6 10 *11 12 14 15)
[    1.079683] ACPI: PCI Interrupt Link [LNKH] (IRQs 3 4 5 6 10 *11 12 14 15)
[    1.081503] ACPI: Enabled 6 GPEs in block 00 to 7F
[    1.081567] ACPI : EC: EC stopped
[    1.081654] ACPI : EC: GPE = 0x14, I/O: command/status = 0x934, data = 0x930
[    1.081654] ACPI : EC: EC started
[    1.141482] vgaarb: setting as boot device: PCI:0000:00:02.0
[    1.141483] vgaarb: device added: PCI:0000:00:02.0,decodes=io+mem,owns=io+mem,locks=none
[    1.141485] vgaarb: loaded
[    1.141486] vgaarb: bridge control possible 0000:00:02.0
[    1.145479] PCI: Using ACPI for IRQ routing
[    1.168148] PCI: pci_cache_line_size set to 64 bytes
[    1.169248] e820: reserve RAM buffer [mem 0x00058000-0x0005ffff]
[    1.169249] e820: reserve RAM buffer [mem 0x0009d000-0x0009ffff]
[    1.169249] e820: reserve RAM buffer [mem 0x25831018-0x27ffffff]
[    1.169250] e820: reserve RAM buffer [mem 0x25842018-0x27ffffff]
[    1.169251] e820: reserve RAM buffer [mem 0x2761e000-0x27ffffff]
[    1.169252] e820: reserve RAM buffer [mem 0x29098000-0x2bffffff]
[    1.169253] e820: reserve RAM buffer [mem 0x2913a000-0x2bffffff]
[    1.169253] e820: reserve RAM buffer [mem 0x37364000-0x37ffffff]
[    1.169254] e820: reserve RAM buffer [mem 0x37cce000-0x37ffffff]
[    1.169255] e820: reserve RAM buffer [mem 0x3a500000-0x3bffffff]
[    1.169256] e820: reserve RAM buffer [mem 0x2be000000-0x2bfffffff]
[    1.169326] NetLabel: Initializing
[    1.169326] NetLabel:  domain hash size = 128
[    1.169327] NetLabel:  protocols = UNLABELED CIPSOv4
[    1.169342] NetLabel:  unlabeled traffic allowed by default
[    1.169434] hpet0: at MMIO 0xfed00000, IRQs 2, 8, 0, 0, 0, 0, 0, 0
[    1.169438] hpet0: 8 comparators, 64-bit 24.000000 MHz counter
[    1.171497] clocksource: Switched to clocksource hpet
[    1.176091] VFS: Disk quotas dquot_6.6.0
[    1.176143] VFS: Dquot-cache hash table entries: 512 (order 0, 4096 bytes)
[    1.176197] pnp: PnP ACPI init
[    1.176398] system 00:00: [io  0x0680-0x069f] has been reserved
[    1.176399] system 00:00: [io  0xffff] has been reserved
[    1.176400] system 00:00: [io  0xffff] has been reserved
[    1.176401] system 00:00: [io  0xffff] has been reserved
[    1.176402] system 00:00: [io  0x1800-0x18fe] has been reserved
[    1.176403] system 00:00: [io  0x164e-0x164f] has been reserved
[    1.176406] system 00:00: Plug and Play ACPI device, IDs PNP0c02 (active)
[    1.176490] system 00:01: [io  0x0800-0x087f] has been reserved
[    1.176492] system 00:01: Plug and Play ACPI device, IDs PNP0c02 (active)
[    1.176510] pnp 00:02: Plug and Play ACPI device, IDs PNP0b00 (active)
[    1.176543] system 00:03: [io  0x1854-0x1857] has been reserved
[    1.176545] system 00:03: Plug and Play ACPI device, IDs INT3f0d PNP0c02 (active)
[    1.176676] pnp 00:04: Plug and Play ACPI device, IDs PNP0303 (active)
[    1.176693] pnp 00:05: Plug and Play ACPI device, IDs DLL06e4 PNP0f13 (active)
[    1.176879] system 00:06: [mem 0xfed10000-0xfed17fff] has been reserved
[    1.176881] system 00:06: [mem 0xfed18000-0xfed18fff] has been reserved
[    1.176882] system 00:06: [mem 0xfed19000-0xfed19fff] has been reserved
[    1.176883] system 00:06: [mem 0xe0000000-0xefffffff] has been reserved
[    1.176884] system 00:06: [mem 0xfed20000-0xfed3ffff] has been reserved
[    1.176885] system 00:06: [mem 0xfed90000-0xfed93fff] could not be reserved
[    1.176886] system 00:06: [mem 0xfed45000-0xfed8ffff] has been reserved
[    1.176887] system 00:06: [mem 0xff000000-0xffffffff] has been reserved
[    1.176888] system 00:06: [mem 0xfee00000-0xfeefffff] could not be reserved
[    1.176890] system 00:06: [mem 0xdffe0000-0xdfffffff] has been reserved
[    1.176891] system 00:06: Plug and Play ACPI device, IDs PNP0c02 (active)
[    1.176927] system 00:07: [mem 0xfd000000-0xfdabffff] has been reserved
[    1.176928] system 00:07: [mem 0xfdad0000-0xfdadffff] has been reserved
[    1.176929] system 00:07: [mem 0xfdb00000-0xfdffffff] has been reserved
[    1.176930] system 00:07: [mem 0xfe000000-0xfe01ffff] could not be reserved
[    1.176931] system 00:07: [mem 0xfe036000-0xfe03bfff] has been reserved
[    1.176932] system 00:07: [mem 0xfe03d000-0xfe3fffff] has been reserved
[    1.176933] system 00:07: [mem 0xfe410000-0xfe7fffff] has been reserved
[    1.176935] system 00:07: Plug and Play ACPI device, IDs PNP0c02 (active)
[    1.177202] system 00:08: [io  0xff00-0xfffe] has been reserved
[    1.177204] system 00:08: Plug and Play ACPI device, IDs PNP0c02 (active)
[    1.178232] system 00:09: [mem 0xfdaf0000-0xfdafffff] has been reserved
[    1.178233] system 00:09: [mem 0xfdae0000-0xfdaeffff] has been reserved
[    1.178234] system 00:09: [mem 0xfdac0000-0xfdacffff] has been reserved
[    1.178236] system 00:09: Plug and Play ACPI device, IDs PNP0c02 (active)
[    1.178857] pnp 00:0a: Plug and Play ACPI device, IDs PNP0c31 (active)
[    1.183734] pnp: PnP ACPI: found 11 devices
[    1.192531] clocksource: acpi_pm: mask: 0xffffff max_cycles: 0xffffff, max_idle_ns: 2085701024 ns
[    1.192573] pci 0000:00:1d.6: bridge window [io  0x1000-0x0fff] to [bus 06-3e] add_size 1000
[    1.192577] pci 0000:00:1d.6: res[13]=[io  0x1000-0x0fff] res_to_dev_res add_size 1000 min_align 1000
[    1.192578] pci 0000:00:1d.6: res[13]=[io  0x1000-0x1fff] res_to_dev_res add_size 1000 min_align 1000
[    1.192580] pci 0000:00:1d.6: BAR 13: assigned [io  0x2000-0x2fff]
[    1.192582] pci 0000:00:01.0: PCI bridge to [bus 01]
[    1.192583] pci 0000:00:01.0:   bridge window [io  0xe000-0xefff]
[    1.192586] pci 0000:00:01.0:   bridge window [mem 0xdc000000-0xdd0fffff]
[    1.192588] pci 0000:00:01.0:   bridge window [mem 0xb0000000-0xc1ffffff 64bit pref]
[    1.192591] pci 0000:00:1c.0: PCI bridge to [bus 02]
[    1.192604] pci 0000:00:1c.0:   bridge window [mem 0xdd400000-0xdd8fffff]
[    1.192609] pci 0000:00:1c.1: PCI bridge to [bus 03]
[    1.192611] pci 0000:00:1c.1:   bridge window [io  0xd000-0xdfff]
[    1.192614] pci 0000:00:1c.1:   bridge window [mem 0xdda00000-0xde3fffff]
[    1.192616] pci 0000:00:1c.1:   bridge window [mem 0xc2100000-0xc2afffff 64bit pref]
[    1.192620] pci 0000:00:1d.0: PCI bridge to [bus 04]
[    1.192623] pci 0000:00:1d.0:   bridge window [mem 0xde400000-0xde4fffff]
[    1.192629] pci 0000:00:1d.4: PCI bridge to [bus 05]
[    1.192636] pci 0000:00:1d.6: PCI bridge to [bus 06-3e]
[    1.192637] pci 0000:00:1d.6:   bridge window [io  0x2000-0x2fff]
[    1.192640] pci 0000:00:1d.6:   bridge window [mem 0xc4000000-0xda0fffff]
[    1.192642] pci 0000:00:1d.6:   bridge window [mem 0x80000000-0xa1ffffff 64bit pref]
[    1.192646] pci_bus 0000:00: resource 4 [io  0x0000-0x0cf7 window]
[    1.192647] pci_bus 0000:00: resource 5 [io  0x0d00-0xffff window]
[    1.192648] pci_bus 0000:00: resource 6 [mem 0x000a0000-0x000bffff window]
[    1.192649] pci_bus 0000:00: resource 7 [mem 0x000c0000-0x000c3fff window]
[    1.192650] pci_bus 0000:00: resource 8 [mem 0x000c4000-0x000c7fff window]
[    1.192651] pci_bus 0000:00: resource 9 [mem 0x000c8000-0x000cbfff window]
[    1.192652] pci_bus 0000:00: resource 10 [mem 0x000cc000-0x000cffff window]
[    1.192653] pci_bus 0000:00: resource 11 [mem 0x000d0000-0x000d3fff window]
[    1.192654] pci_bus 0000:00: resource 12 [mem 0x000d4000-0x000d7fff window]
[    1.192654] pci_bus 0000:00: resource 13 [mem 0x000d8000-0x000dbfff window]
[    1.192655] pci_bus 0000:00: resource 14 [mem 0x000dc000-0x000dffff window]
[    1.192656] pci_bus 0000:00: resource 15 [mem 0x000e4000-0x000e7fff window]
[    1.192657] pci_bus 0000:00: resource 16 [mem 0x000e8000-0x000ebfff window]
[    1.192658] pci_bus 0000:00: resource 17 [mem 0x000ec000-0x000effff window]
[    1.192658] pci_bus 0000:00: resource 18 [mem 0x40000000-0xdfffffff window]
[    1.192659] pci_bus 0000:00: resource 19 [mem 0xfd000000-0xfe7fffff window]
[    1.192660] pci_bus 0000:01: resource 0 [io  0xe000-0xefff]
[    1.192661] pci_bus 0000:01: resource 1 [mem 0xdc000000-0xdd0fffff]
[    1.192662] pci_bus 0000:01: resource 2 [mem 0xb0000000-0xc1ffffff 64bit pref]
[    1.192663] pci_bus 0000:02: resource 1 [mem 0xdd400000-0xdd8fffff]
[    1.192664] pci_bus 0000:03: resource 0 [io  0xd000-0xdfff]
[    1.192665] pci_bus 0000:03: resource 1 [mem 0xdda00000-0xde3fffff]
[    1.192666] pci_bus 0000:03: resource 2 [mem 0xc2100000-0xc2afffff 64bit pref]
[    1.192666] pci_bus 0000:04: resource 1 [mem 0xde400000-0xde4fffff]
[    1.192667] pci_bus 0000:06: resource 0 [io  0x2000-0x2fff]
[    1.192668] pci_bus 0000:06: resource 1 [mem 0xc4000000-0xda0fffff]
[    1.192669] pci_bus 0000:06: resource 2 [mem 0x80000000-0xa1ffffff 64bit pref]
[    1.192694] NET: Registered protocol family 2
[    1.192832] TCP established hash table entries: 65536 (order: 7, 524288 bytes)
[    1.192924] TCP bind hash table entries: 65536 (order: 8, 1048576 bytes)
[    1.193006] TCP: Hash tables configured (established 65536 bind 65536)
[    1.193022] UDP hash table entries: 4096 (order: 5, 131072 bytes)
[    1.193039] UDP-Lite hash table entries: 4096 (order: 5, 131072 bytes)
[    1.193077] NET: Registered protocol family 1
[    1.193087] pci 0000:00:02.0: Video device with shadowed ROM at [mem 0x000c0000-0x000dffff]
[    1.200316] PCI: CLS 0 bytes, default 64
[    1.200349] Unpacking initramfs...
[    1.394745] Freeing initrd memory: 13484K (ffff88002585c000 - ffff880026587000)
[    1.394767] DMAR: ACPI device "device:68" under DMAR at fed91000 as 00:15.0
[    1.394769] DMAR: ACPI device "device:69" under DMAR at fed91000 as 00:15.1
[    1.394780] PCI-DMA: Using software bounce buffering for IO (SWIOTLB)
[    1.394782] software IO TLB [mem 0x21831000-0x25831000] (64MB) mapped at [ffff880021831000-ffff880025830fff]
[    1.395362] Scanning for low memory corruption every 60 seconds
[    1.395624] futex hash table entries: 2048 (order: 5, 131072 bytes)
[    1.395969] Initialise system trusted keyrings
[    1.396225] workingset: timestamp_bits=40 max_order=21 bucket_order=0
[    1.397473] zbud: loaded
[    1.398334] Key type asymmetric registered
[    1.398358] Block layer SCSI generic (bsg) driver version 0.4 loaded (major 249)
[    1.398495] io scheduler noop registered
[    1.398496] io scheduler deadline registered
[    1.398502] io scheduler cfq registered (default)
[    1.399331] pci_hotplug: PCI Hot Plug PCI Core version: 0.5
[    1.399334] pciehp: PCI Express Hot Plug Controller Driver version: 0.4
[    1.399345] efifb: probing for efifb
[    1.399355] efifb: framebuffer at 0x70000000, using 8100k, total 8100k
[    1.399356] efifb: mode is 1920x1080x32, linelength=7680, pages=1
[    1.399356] efifb: scrolling: redraw
[    1.399357] efifb: Truecolor: size=8:8:8:8, shift=24:16:8:0
[    1.403012] Console: switching to colour frame buffer device 240x67
[    1.406594] fb0: EFI VGA frame buffer device
[    1.406599] intel_idle: MWAIT substates: 0x11142120
[    1.406600] intel_idle: v0.4.1 model 0x5E
[    1.407006] intel_idle: lapic_timer_reliable_states 0xffffffff
[    1.407156] GHES: HEST is not enabled!
[    1.407214] Serial: 8250/16550 driver, 4 ports, IRQ sharing enabled
[    1.407718] Linux agpgart interface v0.103
[    1.408379] rtc_cmos 00:02: RTC can wake from S4
[    1.408774] rtc_cmos 00:02: rtc core: registered rtc_cmos as rtc0
[    1.408854] rtc_cmos 00:02: alarms up to one month, y3k, 242 bytes nvram, hpet irqs
[    1.408860] intel_pstate: Intel P-state driver initializing
[    1.409316] intel_pstate: HWP enabled
[    1.409676] ledtrig-cpu: registered to indicate activity on CPUs
[    1.409958] NET: Registered protocol family 10
[    1.410332] NET: Registered protocol family 17
[    1.410572] microcode: sig=0x506e3, pf=0x20, revision=0x9e
[    1.411020] microcode: Microcode Update Driver: v2.01 <tigran@aivazian.fsnet.co.uk>, Peter Oruba
[    1.411390] registered taskstats version 1
[    1.411391] Loading compiled-in X.509 certificates
[    1.411400] zswap: loaded using pool lzo/zbud
[    1.414793]   Magic number: 12:285:672
[    1.415336] rtc_cmos 00:02: setting system clock to 2016-12-05 07:39:40 UTC (1480923580)
[    1.415400] PM: Checking hibernation image partition /dev/mapper/vg0-swap
[    1.415402] PM: Hibernation image not present or could not be loaded.
[    1.416307] Freeing unused kernel memory: 1256K (ffffffff81b08000 - ffffffff81c42000)
[    1.416307] Write protecting the kernel read-only data: 10240k
[    1.417140] Freeing unused kernel memory: 2044K (ffff880001601000 - ffff880001800000)
[    1.417569] Freeing unused kernel memory: 136K (ffff8800019de000 - ffff880001a00000)
[    1.423781] random: systemd-tmpfile: uninitialized urandom read (16 bytes read)
[    1.423824] random: systemd-tmpfile: uninitialized urandom read (16 bytes read)
[    1.425133] random: systemd-udevd: uninitialized urandom read (16 bytes read)
[    1.425158] random: systemd-udevd: uninitialized urandom read (16 bytes read)
[    1.425163] random: systemd-udevd: uninitialized urandom read (16 bytes read)
[    1.428355] random: systemd-udevd: uninitialized urandom read (16 bytes read)
[    1.428367] random: systemd-udevd: uninitialized urandom read (16 bytes read)
[    1.428370] random: systemd-udevd: uninitialized urandom read (16 bytes read)
[    1.428853] random: systemd-udevd: uninitialized urandom read (16 bytes read)
[    1.428864] random: systemd-udevd: uninitialized urandom read (16 bytes read)
[    1.461914] i8042: PNP: PS/2 Controller [PNP0303:PS2K,PNP0f13:PS2M] at 0x60,0x64 irq 1,12
[    1.462524] i8042: Warning: Keylock active
[    1.465035] serio: i8042 KBD port at 0x60,0x64 irq 1
[    1.465058] serio: i8042 AUX port at 0x60,0x64 irq 12
[    1.479549] ACPI: bus type USB registered
[    1.479562] usbcore: registered new interface driver usbfs
[    1.479567] usbcore: registered new interface driver hub
[    1.479630] usbcore: registered new device driver usb
[    1.480429] SCSI subsystem initialized
[    1.480803] rtsx_pci 0000:03:00.0: rtsx_pci_acquire_irq: pcr->msi_en = 1, pci->irq = 123
[    1.482104] xhci_hcd 0000:00:14.0: xHCI Host Controller
[    1.482107] xhci_hcd 0000:00:14.0: new USB bus registered, assigned bus number 1
[    1.483158] libata version 3.00 loaded.
[    1.483266] nvme nvme0: pci function 0000:04:00.0
[    1.483702] xhci_hcd 0000:00:14.0: hcc params 0x200077c1 hci version 0x100 quirks 0x00109810
[    1.483724] xhci_hcd 0000:00:14.0: cache line size of 64 is not supported
[    1.484101] hub 1-0:1.0: USB hub found
[    1.484223] hub 1-0:1.0: 16 ports detected
[    1.491396] AVX2 version of gcm_enc/dec engaged.
[    1.491397] AES CTR mode by8 optimization enabled
[    1.496619] xhci_hcd 0000:00:14.0: xHCI Host Controller
[    1.496622] xhci_hcd 0000:00:14.0: new USB bus registered, assigned bus number 2
[    1.496737] hub 2-0:1.0: USB hub found
[    1.496762] hub 2-0:1.0: 8 ports detected
[    1.501692] ahci 0000:00:17.0: version 3.0
[    1.501960] ahci 0000:00:17.0: SSS flag set, parallel bus scan disabled
[    1.502014] ahci 0000:00:17.0: AHCI 0001.0301 32 slots 1 ports 6 Gbps 0x2 impl SATA mode
[    1.502016] ahci 0000:00:17.0: flags: 64bit ncq sntf stag pm led clo only pio slum part ems deso sadm sds apst 
[    1.502591] scsi host0: ahci
[    1.502831] scsi host1: ahci
[    1.502861] ata1: DUMMY
[    1.502865] ata2: SATA max UDMA/133 abar m2048@0xdd133000 port 0xdd133180 irq 126
[    1.513923] input: AT Translated Set 2 keyboard as /devices/platform/i8042/serio0/input/input0
[    1.703792]  nvme0n1: p1 p2
[    1.811932] ata2: SATA link down (SStatus 4 SControl 300)
[    1.814953] usb 1-2: new high-speed USB device number 2 using xhci_hcd
[    1.819365] device-mapper: uevent: version 1.0.3
[    1.819610] device-mapper: ioctl: 4.35.0-ioctl (2016-06-23) initialised: dm-devel@redhat.com
[    1.949307] hub 1-2:1.0: USB hub found
[    1.949602] hub 1-2:1.0: 4 ports detected
[    2.071729] usb 1-4: new full-speed USB device number 3 using xhci_hcd
[    2.291738] usb 1-2.4: new full-speed USB device number 4 using xhci_hcd
[    2.408292] tsc: Refined TSC clocksource calibration: 2591.999 MHz
[    2.408311] clocksource: tsc: mask: 0xffffffffffffffff max_cycles: 0x255cb5c6a11, max_idle_ns: 440795249002 ns
[    2.508410] usb 1-12: new high-speed USB device number 5 using xhci_hcd
[    3.422113] clocksource: Switched to clocksource tsc
[    4.255322] usb 2-2: Device not responding to setup address.
[    4.465333] usb 2-2: Device not responding to setup address.
[    4.671679] usb 2-2: device not accepting address 3, error -71
[    5.898663] usb 2-2: new SuperSpeed USB device number 5 using xhci_hcd
[    7.442521] random: fast init done
[    7.443763] hub 2-2:1.0: USB hub found
[    7.444178] hub 2-2:1.0: 4 ports detected
[   18.274832] random: crng init done
[   20.649493] NET: Registered protocol family 38
[   21.030998] PM: Starting manual resume from disk
[   21.031002] PM: Hibernation image partition 254:1 present
[   21.031003] PM: Looking for hibernation image.
[   21.031482] PM: Image not found (code -22)
[   21.031499] PM: Hibernation image not present or could not be loaded.
[   21.069285] EXT4-fs (dm-2): mounted filesystem with ordered data mode. Opts: (null)
[   21.137066] ip_tables: (C) 2000-2006 Netfilter Core Team
[   21.174903] systemd[1]: systemd 232 running in system mode. (+PAM -AUDIT -SELINUX -IMA -APPARMOR +SMACK -SYSVINIT +UTMP +LIBCRYPTSETUP +GCRYPT +GNUTLS +ACL +XZ +LZ4 +SECCOMP +BLKID +ELFUTILS +KMOD +IDN)
[   21.175287] systemd[1]: Detected architecture x86-64.
[   21.176136] systemd[1]: Set hostname to <xps>.
[   21.234290] systemd[1]: Started Forward Password Requests to Wall Directory Watch.
[   21.234766] systemd[1]: Set up automount Arbitrary Executable File Formats File System Automount Point.
[   21.235007] systemd[1]: Listening on /dev/initctl Compatibility Named Pipe.
[   21.235195] systemd[1]: Listening on Journal Socket.
[   21.235345] systemd[1]: Listening on Journal Socket (/dev/log).
[   21.236416] systemd[1]: Listening on Process Core Dump Socket.
[   21.236617] systemd[1]: Started Dispatch Password Requests to Console Directory Watch.
[   21.265976] acpi_call: loading out-of-tree module taints kernel.
[   21.268505] EXT4-fs (dm-2): re-mounted. Opts: data=ordered
[   22.882501] systemd-journald[272]: Received request to flush runtime journal from PID 1
[   22.924883] input: Lid Switch as /devices/LNXSYSTM:00/LNXSYBUS:00/PNP0C0D:00/input/input30
[   22.925425] ACPI: Lid Switch [LID0]
[   22.925475] FUJITSU Extended Socket Network Device Driver - version 1.1 - Copyright (c) 2015 FUJITSU LIMITED
[   22.925518] input: Power Button as /devices/LNXSYSTM:00/LNXSYBUS:00/PNP0C0C:00/input/input31
[   22.925533] ACPI: Power Button [PBTN]
[   22.925628] input: Sleep Button as /devices/LNXSYSTM:00/LNXSYBUS:00/PNP0C0E:00/input/input32
[   22.925630] ACPI: Sleep Button [SBTN]
[   22.925679] input: Power Button as /devices/LNXSYSTM:00/LNXPWRBN:00/input/input33
[   22.925681] ACPI: Power Button [PWRF]
[   22.926498] ACPI: AC Adapter [AC] (on-line)
[   22.928080] ACPI Warning: \_SB.IETM._ART: Return Package type mismatch at index 0 - found Integer, expected Reference (20160422/nspredef-297)
[   22.928087] ACPI: Invalid package element [0]: got number, expecting [R]
[   22.928088] _ART package 0 is invalid, ignoredACPI Warning: \_SB.IETM._TRT: Return Package has no elements (empty) (20160422/nsprepkg-130)
[   22.928258] acpi INT33D5:00: intel-hid: created platform device
[   22.928363] input: Intel HID events as /devices/platform/INT33D5:00/input/input34
[   22.932608] wmi: Mapper loaded
[   22.939988] Bluetooth: Core ver 2.21
[   22.939996] NET: Registered protocol family 31
[   22.939996] Bluetooth: HCI device and connection manager initialized
[   22.939998] Bluetooth: HCI socket layer initialized
[   22.940000] Bluetooth: L2CAP socket layer initialized
[   22.940002] Bluetooth: SCO socket layer initialized
[   22.942865] Bluetooth: HCI UART driver ver 2.3
[   22.942866] Bluetooth: HCI UART protocol H4 registered
[   22.942867] Bluetooth: HCI UART protocol BCSP registered
[   22.942867] Bluetooth: HCI UART protocol LL registered
[   22.942868] Bluetooth: HCI UART protocol ATH3K registered
[   22.942868] Bluetooth: HCI UART protocol Three-wire (H5) registered
[   22.942891] Bluetooth: HCI UART protocol Intel registered
[   22.942909] Bluetooth: HCI UART protocol BCM registered
[   22.942910] Bluetooth: HCI UART protocol QCA registered
[   22.942910] Bluetooth: HCI UART protocol AG6XX registered
[   22.949155] hidraw: raw HID events driver (C) Jiri Kosina
[   22.951717] tpm_tis 00:0a: 1.2 TPM (device-id 0xFE, rev-id 2)
[   22.955175] intel-lpss 0000:00:15.0: enabling device (0000 -> 0002)
[   22.956786] idma64 idma64.0: Found Intel integrated DMA 64-bit
[   22.959918] thermal LNXTHERM:00: registered as thermal_zone7
[   22.959919] ACPI: Thermal Zone [THM] (25 C)
[   22.959992] intel-lpss 0000:00:15.1: enabling device (0000 -> 0002)
[   22.960164] idma64 idma64.1: Found Intel integrated DMA 64-bit
[   22.960285] proc_thermal 0000:00:04.0: enabling device (0000 -> 0002)
[   22.961705] ACPI Error: [\_SB_.PCI0.LPCB.H_EC.ECAV] Namespace lookup failure, AE_NOT_FOUND (20160422/psargs-359)
[   22.961708] ACPI Error: Method parse/execution failed [\_TZ.FNCL] (Node ffff8802b51192a8), AE_NOT_FOUND (20160422/psparse-542)
[   22.961713] ACPI Error: Method parse/execution failed [\_TZ.FN00._ON] (Node ffff8802b5119960), AE_NOT_FOUND (20160422/psparse-542)
[   22.961728] acpi PNP0C0B:00: Failed to change power state to D0
[   22.964391] [drm] Initialized drm 1.1.0 20060810
[   22.964636] media: Linux media interface: v0.10
[   22.964705] ACPI Error: [\_SB_.PCI0.LPCB.H_EC.ECAV] Namespace lookup failure, AE_NOT_FOUND (20160422/psargs-359)
[   22.964709] ACPI Error: Method parse/execution failed [\_TZ.TZ00._TMP] (Node ffff8802b5119eb0), AE_NOT_FOUND (20160422/psparse-542)
[   22.966601] shpchp: Standard Hot Plug PCI Controller Driver version: 0.4
[   22.968912] ACPI Error: [\_SB_.PCI0.LPCB.H_EC.ECAV] Namespace lookup failure, AE_NOT_FOUND (20160422/psargs-359)
[   22.968916] ACPI Error: Method parse/execution failed [\_TZ.TZ00._TMP] (Node ffff8802b5119eb0), AE_NOT_FOUND (20160422/psparse-542)
[   22.969733] Linux video capture interface: v2.00
[   22.970288] usbcore: registered new interface driver usbserial
[   22.970297] usbcore: registered new interface driver usbserial_generic
[   22.970303] usbserial: USB Serial support registered for generic
[   22.970456] usbcore: registered new interface driver btusb
[   22.971740] usbcore: registered new interface driver ftdi_sio
[   22.971750] usbserial: USB Serial support registered for FTDI USB Serial Device
[   22.973957] ACPI: Battery Slot [BAT0] (battery present)
[   22.974114] ACPI Error: [\_SB_.PCI0.LPCB.H_EC.ECAV] Namespace lookup failure, AE_NOT_FOUND (20160422/psargs-359)
[   22.974118] ACPI Error: Method parse/execution failed [\_TZ.FNCL] (Node ffff8802b51192a8), AE_NOT_FOUND (20160422/psparse-542)
[   22.974124] ACPI Error: Method parse/execution failed [\_TZ.FN00._ON] (Node ffff8802b5119960), AE_NOT_FOUND (20160422/psparse-542)
[   22.974131] acpi PNP0C0B:00: Failed to set initial power state
[   22.975071] ACPI Error: [\_SB_.PCI0.LPCB.H_EC.ECAV] Namespace lookup failure, AE_NOT_FOUND (20160422/psargs-359)
[   22.975074] ACPI Error: Method parse/execution failed [\_TZ.TZ01._TMP] (Node ffff8802b51199b0), AE_NOT_FOUND (20160422/psparse-542)
[   22.975108] ACPI Error: [\_SB_.PCI0.LPCB.H_EC.ECAV] Namespace lookup failure, AE_NOT_FOUND (20160422/psargs-359)
[   22.975110] ACPI Error: Method parse/execution failed [\_TZ.TZ01._TMP] (Node ffff8802b51199b0), AE_NOT_FOUND (20160422/psparse-542)
[   22.975127] mei_me 0000:00:16.0: enabling device (0000 -> 0002)
[   22.982166] Bluetooth: hci0: BCM: chip id 102
[   22.992090] i801_smbus 0000:00:1f.4: SMBus using PCI interrupt
[   22.994492] MXM: GUID detected in BIOS
[   22.994698] ACPI Warning: \_SB.PCI0.GFX0._DSM: Argument #4 type mismatch - Found [Buffer], ACPI requires [Package] (20160422/nsarguments-95)
[   22.994839] acpi PNP0C0B:00: Cannot transition from (unknown) to D3hot
[   22.994873] ACPI Warning: \_SB.PCI0.PEG0.PEGP._DSM: Argument #4 type mismatch - Found [Buffer], ACPI requires [Package] (20160422/nsarguments-95)
[   22.995010] ACPI Warning: \_SB.PCI0.PEG0.PEGP._DSM: Argument #4 type mismatch - Found [Buffer], ACPI requires [Package] (20160422/nsarguments-95)
[   22.995213] pci 0000:01:00.0: optimus capabilities: enabled, status dynamic power, hda bios codec supported
[   22.995218] VGA switcheroo: detected Optimus DSM method \_SB_.PCI0.PEG0.PEGP handle
[   22.995218] nouveau: detected PR support, will not use DSM
[   22.998160] Bluetooth: hci0: xps
[   22.999150] Bluetooth: hci0: BCM (001.001.005) build 0481
[   22.999408] usbcore: registered new interface driver brcmfmac
[   23.004891] ACPI Error: [\_SB_.PCI0.LPCB.H_EC.ECAV] Namespace lookup failure, AE_NOT_FOUND (20160422/psargs-359)
[   23.004895] ACPI Error: Method parse/execution failed [\_TZ.FNCL] (Node ffff8802b51192a8), AE_NOT_FOUND (20160422/psparse-542)
[   23.004899] ACPI Error: Method parse/execution failed [\_TZ.FN01._ON] (Node ffff8802b5119a78), AE_NOT_FOUND (20160422/psparse-542)
[   23.004905] acpi PNP0C0B:01: Failed to change power state to D0
[   23.014958] brcmfmac 0000:02:00.0: enabling device (0000 -> 0002)
[   23.015379] ACPI Error: [\_SB_.PCI0.LPCB.H_EC.ECAV] Namespace lookup failure, AE_NOT_FOUND (20160422/psargs-359)
[   23.015382] ACPI Error: Method parse/execution failed [\_TZ.FNCL] (Node ffff8802b51192a8), AE_NOT_FOUND (20160422/psparse-542)
[   23.015385] ACPI Error: Method parse/execution failed [\_TZ.FN01._ON] (Node ffff8802b5119a78), AE_NOT_FOUND (20160422/psparse-542)
[   23.015389] acpi PNP0C0B:01: Failed to set initial power state
[   23.041535] acpi PNP0C0B:01: Cannot transition from (unknown) to D3hot
[   23.051584] ACPI Error: [\_SB_.PCI0.LPCB.H_EC.ECAV] Namespace lookup failure, AE_NOT_FOUND (20160422/psargs-359)
[   23.051587] ACPI Error: Method parse/execution failed [\_TZ.FNCL] (Node ffff8802b51192a8), AE_NOT_FOUND (20160422/psparse-542)
[   23.051591] ACPI Error: Method parse/execution failed [\_TZ.FN02._ON] (Node ffff8802b5119b68), AE_NOT_FOUND (20160422/psparse-542)
[   23.051595] acpi PNP0C0B:02: Failed to change power state to D0
[   23.061780] ACPI Error: [\_SB_.PCI0.LPCB.H_EC.ECAV] Namespace lookup failure, AE_NOT_FOUND (20160422/psargs-359)
[   23.061782] ACPI Error: Method parse/execution failed [\_TZ.FNCL] (Node ffff8802b51192a8), AE_NOT_FOUND (20160422/psparse-542)
[   23.061786] ACPI Error: Method parse/execution failed [\_TZ.FN02._ON] (Node ffff8802b5119b68), AE_NOT_FOUND (20160422/psparse-542)
[   23.061891] acpi PNP0C0B:02: Failed to set initial power state
[   23.078185] acpi PNP0C0B:02: Cannot transition from (unknown) to D3hot
[   23.088250] ACPI Error: [\_SB_.PCI0.LPCB.H_EC.ECAV] Namespace lookup failure, AE_NOT_FOUND (20160422/psargs-359)
[   23.088253] ACPI Error: Method parse/execution failed [\_TZ.FNCL] (Node ffff8802b51192a8), AE_NOT_FOUND (20160422/psparse-542)
[   23.088257] ACPI Error: Method parse/execution failed [\_TZ.FN03._ON] (Node ffff8802b5119f78), AE_NOT_FOUND (20160422/psparse-542)
[   23.088261] acpi PNP0C0B:03: Failed to change power state to D0
[   23.098462] ACPI Error: [\_SB_.PCI0.LPCB.H_EC.ECAV] Namespace lookup failure, AE_NOT_FOUND (20160422/psargs-359)
[   23.098465] ACPI Error: Method parse/execution failed [\_TZ.FNCL] (Node ffff8802b51192a8), AE_NOT_FOUND (20160422/psparse-542)
[   23.098469] ACPI Error: Method parse/execution failed [\_TZ.FN03._ON] (Node ffff8802b5119f78), AE_NOT_FOUND (20160422/psparse-542)
[   23.098570] acpi PNP0C0B:03: Failed to set initial power state
[   23.114900] acpi PNP0C0B:03: Cannot transition from (unknown) to D3hot
[   23.124115] brcmfmac 0000:02:00.0: Direct firmware load for brcm/brcmfmac43602-pcie.txt failed with error -2
[   23.124892] ACPI Error: [\_SB_.PCI0.LPCB.H_EC.ECAV] Namespace lookup failure, AE_NOT_FOUND (20160422/psargs-359)
[   23.124895] ACPI Error: Method parse/execution failed [\_TZ.FNCL] (Node ffff8802b51192a8), AE_NOT_FOUND (20160422/psparse-542)
[   23.124900] ACPI Error: Method parse/execution failed [\_TZ.FN04._ON] (Node ffff8802b5119b18), AE_NOT_FOUND (20160422/psparse-542)
[   23.125131] acpi PNP0C0B:04: Failed to change power state to D0
[   23.134979] ACPI Error: [\_SB_.PCI0.LPCB.H_EC.ECAV] Namespace lookup failure, AE_NOT_FOUND (20160422/psargs-359)
[   23.134982] ACPI Error: Method parse/execution failed [\_TZ.FNCL] (Node ffff8802b51192a8), AE_NOT_FOUND (20160422/psparse-542)
[   23.134987] ACPI Error: Method parse/execution failed [\_TZ.FN04._ON] (Node ffff8802b5119b18), AE_NOT_FOUND (20160422/psparse-542)
[   23.134991] acpi PNP0C0B:04: Failed to set initial power state
[   23.158204] acpi PNP0C0B:04: Cannot transition from (unknown) to D3hot
[   23.158320] input: PC Speaker as /devices/platform/pcspkr/input/input36
[   23.161868] RAPL PMU: API unit is 2^-32 Joules, 5 fixed counters, 655360 ms ovfl timer
[   23.161869] RAPL PMU: hw unit of domain pp0-core 2^-14 Joules
[   23.161870] RAPL PMU: hw unit of domain package 2^-14 Joules
[   23.161870] RAPL PMU: hw unit of domain dram 2^-14 Joules
[   23.161871] RAPL PMU: hw unit of domain pp1-gpu 2^-14 Joules
[   23.161871] RAPL PMU: hw unit of domain psys 2^-14 Joules
[   23.195441] ftdi_sio 1-2.4:1.0: FTDI USB Serial Device converter detected
[   23.195530] usb 1-2.4: Detected FT232RL
[   23.196050] usb 1-2.4: FTDI USB Serial Device converter now attached to ttyUSB0
[   23.232729] [drm] Memory usable by graphics device = 4096M
[   23.232731] checking generic (70000000 7e9000) vs hw (70000000 10000000)
[   23.232731] fb: switching to inteldrmfb from EFI VGA
[   23.232746] Console: switching to colour dummy device 80x25
[   23.232884] [drm] Replacing VGA console driver
[   23.238818] dcdbas dcdbas: Dell Systems Management Base Driver (version 5.6.0-3.2)
[   23.239867] iTCO_vendor_support: vendor-support=0
[   23.241481] [drm] Supports vblank timestamp caching Rev 2 (21.10.2013).
[   23.241519] [drm] Driver supports precise vblank timestamp query.
[   23.242048] dell_wmi: Detected Dell WMI interface version 1
[   23.242086] input: Dell WMI hotkeys as /devices/virtual/input/input37
[   23.242793] iTCO_wdt: Intel TCO WatchDog Timer Driver v1.11
[   23.242843] iTCO_wdt: Found a Intel PCH TCO device (Version=4, TCOBASE=0x0400)
[   23.255443] nouveau 0000:01:00.0: enabling device (0000 -> 0003)
[   23.255525] nouveau 0000:01:00.0: unknown chipset (ffffffff)
[   23.255529] iTCO_wdt: initialized. heartbeat=30 sec (nowayout=0)
[   23.255533] nouveau: probe of 0000:01:00.0 failed with error -12
[   23.262340] [drm] Finished loading i915/skl_dmc_ver1_26.bin (v1.26)
[   23.262369] vgaarb: device changed decodes: PCI:0000:00:02.0,olddecodes=io+mem,decodes=io+mem:owns=io+mem
[   23.266327] Adding 16777212k swap on /dev/mapper/vg0-swap.  Priority:-1 extents:1 across:16777212k SSFS
[   23.271911] [drm] GuC firmware load skipped
[   23.729938] ACPI: Video Device [GFX0] (multi-head: yes  rom: no  post: no)
[   23.730064] uvcvideo: Found UVC 1.00 device Integrated_Webcam_HD (0c45:6713)
[   23.731319] FAT-fs (nvme0n1p1): Volume was not properly unmounted. Some data may be corrupt. Please run fsck.
[   23.732392] input: Video Bus as /devices/LNXSYSTM:00/LNXSYBUS:00/PNP0A08:00/LNXVIDEO:00/input/input38
[   23.732683] intel_rapl: Found RAPL domain package
[   23.732684] intel_rapl: Found RAPL domain core
[   23.732686] intel_rapl: Found RAPL domain uncore
[   23.732687] intel_rapl: Found RAPL domain dram
[   23.733415] ACPI: Video Device [PEGP] (multi-head: no  rom: yes  post: no)
[   23.733465] input: Video Bus as /devices/LNXSYSTM:00/LNXSYBUS:00/PNP0A08:00/device:0a/LNXVIDEO:01/input/input39
[   23.733694] brcmfmac: brcmf_c_preinit_dcmds: Firmware version = wl0: Nov 10 2015 06:38:10 version 7.35.177.61 (r598657) FWID 01-ea662a8c
[   23.734512] [drm] Initialized i915 1.6.0 20160711 for 0000:00:02.0 on minor 0
[   23.734565] snd_hda_intel 0000:00:1f.3: enabling device (0000 -> 0002)
[   23.756687] uvcvideo 1-12:1.0: Entity type for entity Extension 4 was not initialized!
[   23.756689] uvcvideo 1-12:1.0: Entity type for entity Extension 3 was not initialized!
[   23.756690] uvcvideo 1-12:1.0: Entity type for entity Processing 2 was not initialized!
[   23.756691] uvcvideo 1-12:1.0: Entity type for entity Camera 1 was not initialized!
[   23.756745] input: Integrated_Webcam_HD as /devices/pci0000:00/0000:00:14.0/usb1/1-12/1-12:1.0/input/input40
[   23.756800] usbcore: registered new interface driver uvcvideo
[   23.756800] USB Video Class driver (1.1.1)
[   23.765409] snd_hda_intel 0000:00:1f.3: bound 0000:00:02.0 (ops i915_audio_component_bind_ops [i915])
[   23.765410] fbcon: inteldrmfb (fb0) is primary device
[   23.769116] brcmfmac: brcmf_cfg80211_reg_notifier: not a ISO3166 code (0x30 0x30)
[   23.774559] brcmfmac 0000:02:00.0 wlp2s0: renamed from wlan0
[   23.792322] snd_hda_codec_realtek hdaudioC0D0: autoconfig for ALC3266: line_outs=1 (0x17/0x0/0x0/0x0/0x0) type:speaker
[   23.792323] snd_hda_codec_realtek hdaudioC0D0:    speaker_outs=0 (0x0/0x0/0x0/0x0/0x0)
[   23.792324] snd_hda_codec_realtek hdaudioC0D0:    hp_outs=1 (0x21/0x0/0x0/0x0/0x0)
[   23.792324] snd_hda_codec_realtek hdaudioC0D0:    mono: mono_out=0x0
[   23.792325] snd_hda_codec_realtek hdaudioC0D0:    inputs:
[   23.792326] snd_hda_codec_realtek hdaudioC0D0:      Headset Mic=0x18
[   23.792326] snd_hda_codec_realtek hdaudioC0D0:      Headphone Mic=0x1a
[   23.792327] snd_hda_codec_realtek hdaudioC0D0:      Internal Mic=0x12
[   23.811246] input: HDA Intel PCH Headphone Mic as /devices/pci0000:00/0000:00:1f.3/sound/card0/input41
[   23.811292] input: HDA Intel PCH HDMI/DP,pcm=3 as /devices/pci0000:00/0000:00:1f.3/sound/card0/input42
[   23.811351] input: HDA Intel PCH HDMI/DP,pcm=7 as /devices/pci0000:00/0000:00:1f.3/sound/card0/input43
[   23.811623] input: HDA Intel PCH HDMI/DP,pcm=8 as /devices/pci0000:00/0000:00:1f.3/sound/card0/input44
[   24.068249] psmouse serio1: synaptics: Unable to query device.
[   24.279579] input: DLL06E4:01 06CB:7A13 Touchpad as /devices/pci0000:00/0000:00:15.1/i2c_designware.1/i2c-8/i2c-DLL06E4:01/0018:06CB:7A13.0001/input/input45
[   24.279708] hid-multitouch 0018:06CB:7A13.0001: input,hidraw0: I2C HID v1.00 Mouse [DLL06E4:01 06CB:7A13] on i2c-DLL06E4:01
[   24.281305] mousedev: PS/2 mouse device common for all mice
[   24.381906] [drm] RC6 on
[   24.550446] Bluetooth: hci0: BCM (001.001.005) build 0481
[   24.567452] Bluetooth: hci0: BCM20703A1 Generic USB 20Mhz fcbga_BU
[   25.131834] Console: switching to colour frame buffer device 240x67
[   25.155535] i915 0000:00:02.0: fb0: inteldrmfb frame buffer device
[   25.203616] Bluetooth: BNEP (Ethernet Emulation) ver 1.3
[   25.203618] Bluetooth: BNEP filters: protocol multicast
[   25.203621] Bluetooth: BNEP socket layer initialized
[   25.758761] IPv6: ADDRCONF(NETDEV_UP): wlp2s0: link is not ready
[   25.807120] IPv6: ADDRCONF(NETDEV_UP): wlp2s0: link is not ready
[   26.329953] IPv6: ADDRCONF(NETDEV_UP): wlp2s0: link is not ready
[   26.498043] brcmfmac: brcmf_p2p_create_p2pdev: set p2p_disc error
[   26.498054] brcmfmac: brcmf_cfg80211_add_iface: add iface p2p-dev-wlp2s0 type 10 failed: err=-16
[   26.507593] IPv6: ADDRCONF(NETDEV_UP): wlp2s0: link is not ready
[   27.611287] Bluetooth: RFCOMM TTY layer initialized
[   27.611295] Bluetooth: RFCOMM socket layer initialized
[   27.611302] Bluetooth: RFCOMM ver 1.11
[   29.765115] input: PS/2 Synaptics TouchPad as /devices/platform/i8042/serio1/input/input35
[   29.968341] psmouse serio1: Failed to enable mouse on isa0060/serio1
[   30.144845] brcmfmac: brcmf_cfg80211_escan_handler: scan not ready, bsscfgidx=0
[   30.144853] brcmfmac: brcmf_fweh_event_worker: event handler failed (69)
[   30.147690] IPv6: ADDRCONF(NETDEV_UP): wlp2s0: link is not ready
[   33.655970] fuse init (API version 7.25)
[   36.453715] IPv6: ADDRCONF(NETDEV_CHANGE): wlp2s0: link becomes ready
[   38.888359] mei_wdt mei::05b79a6f-4628-4d7f-899d-a91514cb32ab:02: Could not register event ret=-22
[   38.888872] mei_wdt: probe of mei::05b79a6f-4628-4d7f-899d-a91514cb32ab:02 failed with error -22
[   39.851609] brcmfmac: brcmf_inetaddr_changed: fail to get arp ip table err:-23
[   42.975888] brcmfmac: brcmf_inetaddr_changed: fail to get arp ip table err:-23
